Archive member included because of file (symbol)

c:/winavr-20071221/bin/../lib/gcc/avr/4.2.2/avr6\libgcc.a(_udivmodhi4.o)
                              Utility.o (__udivmodhi4)
c:/winavr-20071221/bin/../lib/gcc/avr/4.2.2/avr6\libgcc.a(_divmodhi4.o)
                              Timer.o (__divmodhi4)
c:/winavr-20071221/bin/../lib/gcc/avr/4.2.2/avr6\libgcc.a(_exit.o)
                              c:/winavr-20071221/bin/../lib/gcc/avr/4.2.2/../../../../avr/lib/avr6/crtm2560.o (exit)
c:/winavr-20071221/bin/../lib/gcc/avr/4.2.2/avr6\libgcc.a(_clear_bss.o)
                              P11.o (__do_clear_bss)
c:/winavr-20071221/bin/../lib/gcc/avr/4.2.2/avr6\libgcc.a(_fixunssfsi.o)
                              UART.o (__fixunssfsi)
c:/winavr-20071221/bin/../lib/gcc/avr/4.2.2/avr6\libgcc.a(_addsub_sf.o)
                              UART.o (__subsf3)
c:/winavr-20071221/bin/../lib/gcc/avr/4.2.2/avr6\libgcc.a(_mul_sf.o)
                              UART.o (__mulsf3)
c:/winavr-20071221/bin/../lib/gcc/avr/4.2.2/avr6\libgcc.a(_div_sf.o)
                              UART.o (__divsf3)
c:/winavr-20071221/bin/../lib/gcc/avr/4.2.2/avr6\libgcc.a(_ge_sf.o)
                              c:/winavr-20071221/bin/../lib/gcc/avr/4.2.2/avr6\libgcc.a(_fixunssfsi.o) (__gesf2)
c:/winavr-20071221/bin/../lib/gcc/avr/4.2.2/avr6\libgcc.a(_sf_to_si.o)
                              c:/winavr-20071221/bin/../lib/gcc/avr/4.2.2/avr6\libgcc.a(_fixunssfsi.o) (__fixsfsi)
c:/winavr-20071221/bin/../lib/gcc/avr/4.2.2/avr6\libgcc.a(_thenan_sf.o)
                              c:/winavr-20071221/bin/../lib/gcc/avr/4.2.2/avr6\libgcc.a(_addsub_sf.o) (__thenan_sf)
c:/winavr-20071221/bin/../lib/gcc/avr/4.2.2/avr6\libgcc.a(_usi_to_sf.o)
                              UART.o (__floatunsisf)
c:/winavr-20071221/bin/../lib/gcc/avr/4.2.2/avr6\libgcc.a(_prologue.o)
                              c:/winavr-20071221/bin/../lib/gcc/avr/4.2.2/avr6\libgcc.a(_addsub_sf.o) (__prologue_saves__)
c:/winavr-20071221/bin/../lib/gcc/avr/4.2.2/avr6\libgcc.a(_epilogue.o)
                              c:/winavr-20071221/bin/../lib/gcc/avr/4.2.2/avr6\libgcc.a(_addsub_sf.o) (__epilogue_restores__)
c:/winavr-20071221/bin/../lib/gcc/avr/4.2.2/avr6\libgcc.a(_clzsi2.o)
                              c:/winavr-20071221/bin/../lib/gcc/avr/4.2.2/avr6\libgcc.a(_usi_to_sf.o) (__clzsi2)
c:/winavr-20071221/bin/../lib/gcc/avr/4.2.2/avr6\libgcc.a(_pack_sf.o)
                              c:/winavr-20071221/bin/../lib/gcc/avr/4.2.2/avr6\libgcc.a(_addsub_sf.o) (__pack_f)
c:/winavr-20071221/bin/../lib/gcc/avr/4.2.2/avr6\libgcc.a(_unpack_sf.o)
                              c:/winavr-20071221/bin/../lib/gcc/avr/4.2.2/avr6\libgcc.a(_addsub_sf.o) (__unpack_f)
c:/winavr-20071221/bin/../lib/gcc/avr/4.2.2/avr6\libgcc.a(_fpcmp_parts_sf.o)
                              c:/winavr-20071221/bin/../lib/gcc/avr/4.2.2/avr6\libgcc.a(_ge_sf.o) (__fpcmp_parts_f)
c:/winavr-20071221/bin/../lib/gcc/avr/4.2.2/avr6\libgcc.a(_clz.o)
                              c:/winavr-20071221/bin/../lib/gcc/avr/4.2.2/avr6\libgcc.a(_clzsi2.o) (__clz_tab)

Memory Configuration

Name             Origin             Length             Attributes
text             0x00000000         0x00100000         xr
data             0x00800060         0x0000ffa0         rw !x
eeprom           0x00810000         0x00010000         rw !x
fuse             0x00820000         0x00000400         rw !x
lock             0x00830000         0x00000400         rw !x
signature        0x00840000         0x00000400         rw !x
*default*        0x00000000         0xffffffff

Linker script and memory map

Address of section .data set to 0x800200
LOAD c:/winavr-20071221/bin/../lib/gcc/avr/4.2.2/../../../../avr/lib/avr6/crtm2560.o
LOAD P11.o
LOAD UART.o
LOAD Utility.o
LOAD song.o
LOAD Timer.o
LOAD c:/winavr-20071221/bin/../lib/gcc/avr/4.2.2/avr6\libgcc.a
LOAD c:/winavr-20071221/bin/../lib/gcc/avr/4.2.2/../../../../avr/lib/avr6\libc.a
LOAD c:/winavr-20071221/bin/../lib/gcc/avr/4.2.2/avr6\libgcc.a

.hash
 *(.hash)

.dynsym
 *(.dynsym)

.dynstr
 *(.dynstr)

.gnu.version
 *(.gnu.version)

.gnu.version_d
 *(.gnu.version_d)

.gnu.version_r
 *(.gnu.version_r)

.rel.init
 *(.rel.init)

.rela.init
 *(.rela.init)

.rel.text
 *(.rel.text)
 *(.rel.text.*)
 *(.rel.gnu.linkonce.t*)

.rela.text
 *(.rela.text)
 *(.rela.text.*)
 *(.rela.gnu.linkonce.t*)

.rel.fini
 *(.rel.fini)

.rela.fini
 *(.rela.fini)

.rel.rodata
 *(.rel.rodata)
 *(.rel.rodata.*)
 *(.rel.gnu.linkonce.r*)

.rela.rodata
 *(.rela.rodata)
 *(.rela.rodata.*)
 *(.rela.gnu.linkonce.r*)

.rel.data
 *(.rel.data)
 *(.rel.data.*)
 *(.rel.gnu.linkonce.d*)

.rela.data
 *(.rela.data)
 *(.rela.data.*)
 *(.rela.gnu.linkonce.d*)

.rel.ctors
 *(.rel.ctors)

.rela.ctors
 *(.rela.ctors)

.rel.dtors
 *(.rel.dtors)

.rela.dtors
 *(.rela.dtors)

.rel.got
 *(.rel.got)

.rela.got
 *(.rela.got)

.rel.bss
 *(.rel.bss)

.rela.bss
 *(.rela.bss)

.rel.plt
 *(.rel.plt)

.rela.plt
 *(.rela.plt)

.text           0x00000000     0x1fce
 *(.vectors)
 .vectors       0x00000000       0xe4 c:/winavr-20071221/bin/../lib/gcc/avr/4.2.2/../../../../avr/lib/avr6/crtm2560.o
                0x00000000                __vectors
                0x00000000                __vector_default
 *(.vectors)
 *(.progmem.gcc*)
 *(.progmem*)
 .progmem.data  0x000000e4      0x804 song.o
                0x00000200                MetaKnight
                0x00000398                AngelesAzules
                0x000000e4                ImperialMarch
                0x00000504                RolitaKen_CMelody
                0x000008e8                . = ALIGN (0x2)
                0x000008e8                __trampolines_start = .
 *(.trampolines)
 .trampolines   0x000008e8        0x0 linker stubs
 *(.trampolines*)
                0x000008e8                __trampolines_end = .
 *(.jumptables)
 *(.jumptables*)
 *(.lowtext)
 *(.lowtext*)
                0x000008e8                __ctors_start = .
 *(.ctors)
                0x000008e8                __ctors_end = .
                0x000008e8                __dtors_start = .
 *(.dtors)
                0x000008e8                __dtors_end = .
 SORT(*)(.ctors)
 SORT(*)(.dtors)
 *(.init0)
 .init0         0x000008e8        0x0 c:/winavr-20071221/bin/../lib/gcc/avr/4.2.2/../../../../avr/lib/avr6/crtm2560.o
                0x000008e8                __init
 *(.init0)
 *(.init1)
 *(.init1)
 *(.init2)
 .init2         0x000008e8       0x10 c:/winavr-20071221/bin/../lib/gcc/avr/4.2.2/../../../../avr/lib/avr6/crtm2560.o
 *(.init2)
 *(.init3)
 *(.init3)
 *(.init4)
 .init4         0x000008f8       0x1a c:/winavr-20071221/bin/../lib/gcc/avr/4.2.2/../../../../avr/lib/avr6/crtm2560.o
                0x000008f8                __do_copy_data
 .init4         0x00000912       0x10 c:/winavr-20071221/bin/../lib/gcc/avr/4.2.2/avr6\libgcc.a(_clear_bss.o)
                0x00000912                __do_clear_bss
 *(.init4)
 *(.init5)
 *(.init5)
 *(.init6)
 *(.init6)
 *(.init7)
 *(.init7)
 *(.init8)
 *(.init8)
 *(.init9)
 .init9         0x00000922        0x8 c:/winavr-20071221/bin/../lib/gcc/avr/4.2.2/../../../../avr/lib/avr6/crtm2560.o
 *(.init9)
 *(.text)
 .text          0x0000092a        0x4 c:/winavr-20071221/bin/../lib/gcc/avr/4.2.2/../../../../avr/lib/avr6/crtm2560.o
                0x0000092a                __vector_38
                0x0000092a                __vector_22
                0x0000092a                __vector_28
                0x0000092a                __vector_1
                0x0000092a                __vector_32
                0x0000092a                __vector_34
                0x0000092a                __vector_24
                0x0000092a                __vector_12
                0x0000092a                __vector_55
                0x0000092a                __vector_46
                0x0000092a                __bad_interrupt
                0x0000092a                __vector_6
                0x0000092a                __vector_31
                0x0000092a                __vector_35
                0x0000092a                __vector_39
                0x0000092a                __vector_3
                0x0000092a                __vector_23
                0x0000092a                __vector_30
                0x0000092a                __vector_45
                0x0000092a                __vector_11
                0x0000092a                __vector_54
                0x0000092a                __vector_13
                0x0000092a                __vector_17
                0x0000092a                __vector_19
                0x0000092a                __vector_56
                0x0000092a                __vector_7
                0x0000092a                __vector_49
                0x0000092a                __vector_41
                0x0000092a                __vector_43
                0x0000092a                __vector_27
                0x0000092a                __vector_5
                0x0000092a                __vector_33
                0x0000092a                __vector_47
                0x0000092a                __vector_52
                0x0000092a                __vector_37
                0x0000092a                __vector_4
                0x0000092a                __vector_44
                0x0000092a                __vector_51
                0x0000092a                __vector_9
                0x0000092a                __vector_2
                0x0000092a                __vector_15
                0x0000092a                __vector_36
                0x0000092a                __vector_29
                0x0000092a                __vector_40
                0x0000092a                __vector_8
                0x0000092a                __vector_48
                0x0000092a                __vector_14
                0x0000092a                __vector_53
                0x0000092a                __vector_10
                0x0000092a                __vector_50
                0x0000092a                __vector_16
                0x0000092a                __vector_18
                0x0000092a                __vector_20
                0x0000092a                __vector_42
 .text          0x0000092e       0xd6 P11.o
                0x0000092e                main
 .text          0x00000a04      0x41a UART.o
                0x00000ca6                UART0_puts_polling
                0x00000be6                UDR0_EMPTY_INTERRUPT_ENABLE
                0x00000b82                clrscr
                0x00000c0a                UDR0_EMPTY_INTERRUPT_DISABLE
                0x00000b60                setColor
                0x00000b8c                __vector_25
                0x00000ad8                UART0_getData
                0x00000cc0                UART0_gets_polling
                0x00000b46                UART0_puts
                0x00000ae8                UART0_getch
                0x00000c16                gotoxy
                0x00000a04                UART_Ini
                0x00000d48                __vector_26
                0x00000ac8                UART0_sendData
                0x00000b0e                UART0_putchar
                0x00000bf2                UART0_Available
                0x00000d9e                UART0_gets
 .text          0x00000e1e       0xe8 Utility.o
                0x00000e58                invertir
                0x00000e92                itoa
                0x00000e1e                atoi
 .text          0x00000f06        0x6 song.o
                0x00000f06                getPlayList
 .text          0x00000f0c      0x32a Timer.o
                0x00000f3a                Timer0_Ini
                0x00000f4e                Timer2_Freq_Gen
                0x00000f0c                TICKS
                0x000011f8                Timer2_Play
                0x0000119a                Timer2_Volume
                0x00001000                __vector_21
 .text          0x00001236        0x0 c:/winavr-20071221/bin/../lib/gcc/avr/4.2.2/avr6\libgcc.a(_udivmodhi4.o)
 .text          0x00001236        0x0 c:/winavr-20071221/bin/../lib/gcc/avr/4.2.2/avr6\libgcc.a(_divmodhi4.o)
 .text          0x00001236        0x0 c:/winavr-20071221/bin/../lib/gcc/avr/4.2.2/avr6\libgcc.a(_exit.o)
 .text          0x00001236        0x0 c:/winavr-20071221/bin/../lib/gcc/avr/4.2.2/avr6\libgcc.a(_clear_bss.o)
 .text          0x00001236       0x4c c:/winavr-20071221/bin/../lib/gcc/avr/4.2.2/avr6\libgcc.a(_fixunssfsi.o)
                0x00001236                __fixunssfsi
 .text          0x00001282      0x348 c:/winavr-20071221/bin/../lib/gcc/avr/4.2.2/avr6\libgcc.a(_addsub_sf.o)
                0x0000150e                __subsf3
                0x00001570                __addsf3
 .text          0x000015ca      0x1fe c:/winavr-20071221/bin/../lib/gcc/avr/4.2.2/avr6\libgcc.a(_mul_sf.o)
                0x000015ca                __mulsf3
 .text          0x000017c8      0x16a c:/winavr-20071221/bin/../lib/gcc/avr/4.2.2/avr6\libgcc.a(_div_sf.o)
                0x000017c8                __divsf3
 .text          0x00001932       0x6c c:/winavr-20071221/bin/../lib/gcc/avr/4.2.2/avr6\libgcc.a(_ge_sf.o)
                0x00001932                __gesf2
 .text          0x0000199e       0xa6 c:/winavr-20071221/bin/../lib/gcc/avr/4.2.2/avr6\libgcc.a(_sf_to_si.o)
                0x0000199e                __fixsfsi
 .text          0x00001a44        0x0 c:/winavr-20071221/bin/../lib/gcc/avr/4.2.2/avr6\libgcc.a(_thenan_sf.o)
 .text          0x00001a44       0xe6 c:/winavr-20071221/bin/../lib/gcc/avr/4.2.2/avr6\libgcc.a(_usi_to_sf.o)
                0x00001a44                __floatunsisf
 .text          0x00001b2a        0x0 c:/winavr-20071221/bin/../lib/gcc/avr/4.2.2/avr6\libgcc.a(_prologue.o)
 .text          0x00001b2a        0x0 c:/winavr-20071221/bin/../lib/gcc/avr/4.2.2/avr6\libgcc.a(_epilogue.o)
 .text          0x00001b2a       0x9a c:/winavr-20071221/bin/../lib/gcc/avr/4.2.2/avr6\libgcc.a(_clzsi2.o)
                0x00001b2a                __clzsi2
 .text          0x00001bc4      0x1c0 c:/winavr-20071221/bin/../lib/gcc/avr/4.2.2/avr6\libgcc.a(_pack_sf.o)
                0x00001bc4                __pack_f
 .text          0x00001d84       0xe0 c:/winavr-20071221/bin/../lib/gcc/avr/4.2.2/avr6\libgcc.a(_unpack_sf.o)
                0x00001d84                __unpack_f
 .text          0x00001e64       0xac c:/winavr-20071221/bin/../lib/gcc/avr/4.2.2/avr6\libgcc.a(_fpcmp_parts_sf.o)
                0x00001e64                __fpcmp_parts_f
 .text          0x00001f10        0x0 c:/winavr-20071221/bin/../lib/gcc/avr/4.2.2/avr6\libgcc.a(_clz.o)
                0x00001f10                . = ALIGN (0x2)
 *(.text.*)
 .text.libgcc   0x00001f10       0x28 c:/winavr-20071221/bin/../lib/gcc/avr/4.2.2/avr6\libgcc.a(_udivmodhi4.o)
                0x00001f10                __udivmodhi4
 .text.libgcc   0x00001f38       0x26 c:/winavr-20071221/bin/../lib/gcc/avr/4.2.2/avr6\libgcc.a(_divmodhi4.o)
                0x00001f38                __divmodhi4
                0x00001f38                _div
 .text.libgcc   0x00001f5e        0x0 c:/winavr-20071221/bin/../lib/gcc/avr/4.2.2/avr6\libgcc.a(_exit.o)
 .text.libgcc   0x00001f5e        0x0 c:/winavr-20071221/bin/../lib/gcc/avr/4.2.2/avr6\libgcc.a(_clear_bss.o)
 .text.libgcc   0x00001f5e       0x38 c:/winavr-20071221/bin/../lib/gcc/avr/4.2.2/avr6\libgcc.a(_prologue.o)
                0x00001f5e                __prologue_saves__
 .text.libgcc   0x00001f96       0x36 c:/winavr-20071221/bin/../lib/gcc/avr/4.2.2/avr6\libgcc.a(_epilogue.o)
                0x00001f96                __epilogue_restores__
                0x00001fcc                . = ALIGN (0x2)
 *(.fini9)
 .fini9         0x00001fcc        0x0 c:/winavr-20071221/bin/../lib/gcc/avr/4.2.2/avr6\libgcc.a(_exit.o)
                0x00001fcc                exit
                0x00001fcc                _exit
 *(.fini9)
 *(.fini8)
 *(.fini8)
 *(.fini7)
 *(.fini7)
 *(.fini6)
 *(.fini6)
 *(.fini5)
 *(.fini5)
 *(.fini4)
 *(.fini4)
 *(.fini3)
 *(.fini3)
 *(.fini2)
 *(.fini2)
 *(.fini1)
 *(.fini1)
 *(.fini0)
 .fini0         0x00001fcc        0x2 c:/winavr-20071221/bin/../lib/gcc/avr/4.2.2/avr6\libgcc.a(_exit.o)
 *(.fini0)
                0x00001fce                _etext = .

.data           0x00800200      0x190 load address 0x00001fce
                0x00800200                PROVIDE (__data_start, .)
 *(.data)
 .data          0x00800200        0x0 c:/winavr-20071221/bin/../lib/gcc/avr/4.2.2/../../../../avr/lib/avr6/crtm2560.o
 .data          0x00800200       0x60 P11.o
 .data          0x00800260       0x14 UART.o
 .data          0x00800274        0x0 Utility.o
 .data          0x00800274        0x8 song.o
                0x00800274                PlayList
 .data          0x0080027c        0xb Timer.o
 .data          0x00800287        0x0 c:/winavr-20071221/bin/../lib/gcc/avr/4.2.2/avr6\libgcc.a(_udivmodhi4.o)
 .data          0x00800287        0x0 c:/winavr-20071221/bin/../lib/gcc/avr/4.2.2/avr6\libgcc.a(_divmodhi4.o)
 .data          0x00800287        0x0 c:/winavr-20071221/bin/../lib/gcc/avr/4.2.2/avr6\libgcc.a(_exit.o)
 .data          0x00800287        0x0 c:/winavr-20071221/bin/../lib/gcc/avr/4.2.2/avr6\libgcc.a(_clear_bss.o)
 .data          0x00800287        0x0 c:/winavr-20071221/bin/../lib/gcc/avr/4.2.2/avr6\libgcc.a(_fixunssfsi.o)
 .data          0x00800287        0x0 c:/winavr-20071221/bin/../lib/gcc/avr/4.2.2/avr6\libgcc.a(_addsub_sf.o)
 .data          0x00800287        0x0 c:/winavr-20071221/bin/../lib/gcc/avr/4.2.2/avr6\libgcc.a(_mul_sf.o)
 .data          0x00800287        0x0 c:/winavr-20071221/bin/../lib/gcc/avr/4.2.2/avr6\libgcc.a(_div_sf.o)
 .data          0x00800287        0x0 c:/winavr-20071221/bin/../lib/gcc/avr/4.2.2/avr6\libgcc.a(_ge_sf.o)
 .data          0x00800287        0x0 c:/winavr-20071221/bin/../lib/gcc/avr/4.2.2/avr6\libgcc.a(_sf_to_si.o)
 .data          0x00800287        0x8 c:/winavr-20071221/bin/../lib/gcc/avr/4.2.2/avr6\libgcc.a(_thenan_sf.o)
                0x00800287                __thenan_sf
 .data          0x0080028f        0x0 c:/winavr-20071221/bin/../lib/gcc/avr/4.2.2/avr6\libgcc.a(_usi_to_sf.o)
 .data          0x0080028f        0x0 c:/winavr-20071221/bin/../lib/gcc/avr/4.2.2/avr6\libgcc.a(_prologue.o)
 .data          0x0080028f        0x0 c:/winavr-20071221/bin/../lib/gcc/avr/4.2.2/avr6\libgcc.a(_epilogue.o)
 .data          0x0080028f        0x0 c:/winavr-20071221/bin/../lib/gcc/avr/4.2.2/avr6\libgcc.a(_clzsi2.o)
 .data          0x0080028f        0x0 c:/winavr-20071221/bin/../lib/gcc/avr/4.2.2/avr6\libgcc.a(_pack_sf.o)
 .data          0x0080028f        0x0 c:/winavr-20071221/bin/../lib/gcc/avr/4.2.2/avr6\libgcc.a(_unpack_sf.o)
 .data          0x0080028f        0x0 c:/winavr-20071221/bin/../lib/gcc/avr/4.2.2/avr6\libgcc.a(_fpcmp_parts_sf.o)
 .data          0x0080028f      0x100 c:/winavr-20071221/bin/../lib/gcc/avr/4.2.2/avr6\libgcc.a(_clz.o)
                0x0080028f                __clz_tab
 *(.data*)
 *(.rodata)
 *(.rodata*)
 *(.gnu.linkonce.d*)
                0x00800390                . = ALIGN (0x2)
 *fill*         0x0080038f        0x1 00
                0x00800390                _edata = .
                0x00800390                PROVIDE (__data_end, .)

.bss            0x00800390      0x225 load address 0x0000215e
                0x00800390                PROVIDE (__bss_start, .)
 *(.bss)
 .bss           0x00800390        0x0 c:/winavr-20071221/bin/../lib/gcc/avr/4.2.2/../../../../avr/lib/avr6/crtm2560.o
 .bss           0x00800390        0x3 P11.o
 .bss           0x00800393      0x204 UART.o
 .bss           0x00800597        0x0 Utility.o
 .bss           0x00800597        0x0 song.o
 .bss           0x00800597       0x1e Timer.o
 .bss           0x008005b5        0x0 c:/winavr-20071221/bin/../lib/gcc/avr/4.2.2/avr6\libgcc.a(_udivmodhi4.o)
 .bss           0x008005b5        0x0 c:/winavr-20071221/bin/../lib/gcc/avr/4.2.2/avr6\libgcc.a(_divmodhi4.o)
 .bss           0x008005b5        0x0 c:/winavr-20071221/bin/../lib/gcc/avr/4.2.2/avr6\libgcc.a(_exit.o)
 .bss           0x008005b5        0x0 c:/winavr-20071221/bin/../lib/gcc/avr/4.2.2/avr6\libgcc.a(_clear_bss.o)
 .bss           0x008005b5        0x0 c:/winavr-20071221/bin/../lib/gcc/avr/4.2.2/avr6\libgcc.a(_fixunssfsi.o)
 .bss           0x008005b5        0x0 c:/winavr-20071221/bin/../lib/gcc/avr/4.2.2/avr6\libgcc.a(_addsub_sf.o)
 .bss           0x008005b5        0x0 c:/winavr-20071221/bin/../lib/gcc/avr/4.2.2/avr6\libgcc.a(_mul_sf.o)
 .bss           0x008005b5        0x0 c:/winavr-20071221/bin/../lib/gcc/avr/4.2.2/avr6\libgcc.a(_div_sf.o)
 .bss           0x008005b5        0x0 c:/winavr-20071221/bin/../lib/gcc/avr/4.2.2/avr6\libgcc.a(_ge_sf.o)
 .bss           0x008005b5        0x0 c:/winavr-20071221/bin/../lib/gcc/avr/4.2.2/avr6\libgcc.a(_sf_to_si.o)
 .bss           0x008005b5        0x0 c:/winavr-20071221/bin/../lib/gcc/avr/4.2.2/avr6\libgcc.a(_thenan_sf.o)
 .bss           0x008005b5        0x0 c:/winavr-20071221/bin/../lib/gcc/avr/4.2.2/avr6\libgcc.a(_usi_to_sf.o)
 .bss           0x008005b5        0x0 c:/winavr-20071221/bin/../lib/gcc/avr/4.2.2/avr6\libgcc.a(_prologue.o)
 .bss           0x008005b5        0x0 c:/winavr-20071221/bin/../lib/gcc/avr/4.2.2/avr6\libgcc.a(_epilogue.o)
 .bss           0x008005b5        0x0 c:/winavr-20071221/bin/../lib/gcc/avr/4.2.2/avr6\libgcc.a(_clzsi2.o)
 .bss           0x008005b5        0x0 c:/winavr-20071221/bin/../lib/gcc/avr/4.2.2/avr6\libgcc.a(_pack_sf.o)
 .bss           0x008005b5        0x0 c:/winavr-20071221/bin/../lib/gcc/avr/4.2.2/avr6\libgcc.a(_unpack_sf.o)
 .bss           0x008005b5        0x0 c:/winavr-20071221/bin/../lib/gcc/avr/4.2.2/avr6\libgcc.a(_fpcmp_parts_sf.o)
 .bss           0x008005b5        0x0 c:/winavr-20071221/bin/../lib/gcc/avr/4.2.2/avr6\libgcc.a(_clz.o)
 *(.bss*)
 *(COMMON)
                0x008005b5                PROVIDE (__bss_end, .)
                0x00001fce                __data_load_start = LOADADDR (.data)
                0x0000215e                __data_load_end = (__data_load_start + SIZEOF (.data))

.noinit         0x008005b5        0x0
                0x008005b5                PROVIDE (__noinit_start, .)
 *(.noinit*)
                0x008005b5                PROVIDE (__noinit_end, .)
                0x008005b5                _end = .
                0x008005b5                PROVIDE (__heap_start, .)

.eeprom         0x00810000        0x0
 *(.eeprom*)
                0x00810000                __eeprom_end = .

.fuse
 *(.fuse)
 *(.lfuse)
 *(.hfuse)
 *(.efuse)

.lock
 *(.lock*)

.signature
 *(.signature*)

.stab           0x00000000      0x42c
 *(.stab)
 .stab          0x00000000      0x42c c:/winavr-20071221/bin/../lib/gcc/avr/4.2.2/../../../../avr/lib/avr6/crtm2560.o

.stabstr        0x00000000       0x5f
 *(.stabstr)
 .stabstr       0x00000000       0x5f c:/winavr-20071221/bin/../lib/gcc/avr/4.2.2/../../../../avr/lib/avr6/crtm2560.o

.stab.excl
 *(.stab.excl)

.stab.exclstr
 *(.stab.exclstr)

.stab.index
 *(.stab.index)

.stab.indexstr
 *(.stab.indexstr)

.comment
 *(.comment)

.debug
 *(.debug)

.line
 *(.line)

.debug_srcinfo
 *(.debug_srcinfo)

.debug_sfnames
 *(.debug_sfnames)

.debug_aranges  0x00000000       0xa0
 *(.debug_aranges)
 .debug_aranges
                0x00000000       0x20 P11.o
 .debug_aranges
                0x00000020       0x20 UART.o
 .debug_aranges
                0x00000040       0x20 Utility.o
 .debug_aranges
                0x00000060       0x20 song.o
 .debug_aranges
                0x00000080       0x20 Timer.o

.debug_pubnames
                0x00000000      0x27f
 *(.debug_pubnames)
 .debug_pubnames
                0x00000000       0x1b P11.o
 .debug_pubnames
                0x0000001b      0x14a UART.o
 .debug_pubnames
                0x00000165       0x31 Utility.o
 .debug_pubnames
                0x00000196       0x78 song.o
 .debug_pubnames
                0x0000020e       0x71 Timer.o

.debug_info     0x00000000      0xca0
 *(.debug_info)
 .debug_info    0x00000000      0x12d P11.o
 .debug_info    0x0000012d      0x4ce UART.o
 .debug_info    0x000005fb      0x193 Utility.o
 .debug_info    0x0000078e      0x192 song.o
 .debug_info    0x00000920      0x380 Timer.o
 *(.gnu.linkonce.wi.*)

.debug_abbrev   0x00000000      0x574
 *(.debug_abbrev)
 .debug_abbrev  0x00000000       0xb5 P11.o
 .debug_abbrev  0x000000b5      0x207 UART.o
 .debug_abbrev  0x000002bc       0xda Utility.o
 .debug_abbrev  0x00000396       0xc2 song.o
 .debug_abbrev  0x00000458      0x11c Timer.o

.debug_line     0x00000000      0x9d7
 *(.debug_line)
 .debug_line    0x00000000      0x15d P11.o
 .debug_line    0x0000015d      0x415 UART.o
 .debug_line    0x00000572      0x145 Utility.o
 .debug_line    0x000006b7       0xd1 song.o
 .debug_line    0x00000788      0x24f Timer.o

.debug_frame    0x00000000      0x210
 *(.debug_frame)
 .debug_frame   0x00000000       0x20 P11.o
 .debug_frame   0x00000020      0x120 UART.o
 .debug_frame   0x00000140       0x40 Utility.o
 .debug_frame   0x00000180       0x20 song.o
 .debug_frame   0x000001a0       0x70 Timer.o

.debug_str      0x00000000      0x383
 *(.debug_str)
 .debug_str     0x00000000       0xe1 P11.o
                                0x128 (size before relaxing)
 .debug_str     0x000000e1      0x172 UART.o
                                0x256 (size before relaxing)
 .debug_str     0x00000253       0x2c Utility.o
                                0x119 (size before relaxing)
 .debug_str     0x0000027f       0x4f song.o
                                0x157 (size before relaxing)
 .debug_str     0x000002ce       0xb5 Timer.o
                                0x1c3 (size before relaxing)

.debug_loc      0x00000000      0x508
 *(.debug_loc)
 .debug_loc     0x00000000      0x1f0 UART.o
 .debug_loc     0x000001f0      0x14e Utility.o
 .debug_loc     0x0000033e      0x1ca Timer.o

.debug_macinfo
 *(.debug_macinfo)
OUTPUT(P11.elf elf32-avr)
LOAD linker stubs

.debug_ranges   0x00000000       0x18
 .debug_ranges  0x00000000       0x18 UART.o
