Archive member included because of file (symbol)

c:/winavr-20071221/bin/../lib/gcc/avr/4.2.2/avr6\libgcc.a(_udivmodhi4.o)
                              Utility.o (__udivmodhi4)
c:/winavr-20071221/bin/../lib/gcc/avr/4.2.2/avr6\libgcc.a(_divmodhi4.o)
                              Timer.o (__divmodhi4)
c:/winavr-20071221/bin/../lib/gcc/avr/4.2.2/avr6\libgcc.a(_exit.o)
                              c:/winavr-20071221/bin/../lib/gcc/avr/4.2.2/../../../../avr/lib/avr6/crtm2560.o (exit)
c:/winavr-20071221/bin/../lib/gcc/avr/4.2.2/avr6\libgcc.a(_clear_bss.o)
                              P11.o (__do_clear_bss)
c:/winavr-20071221/bin/../lib/gcc/avr/4.2.2/avr6\libgcc.a(_fixunssfsi.o)
                              UART.o (__fixunssfsi)
c:/winavr-20071221/bin/../lib/gcc/avr/4.2.2/avr6\libgcc.a(_addsub_sf.o)
                              UART.o (__subsf3)
c:/winavr-20071221/bin/../lib/gcc/avr/4.2.2/avr6\libgcc.a(_mul_sf.o)
                              UART.o (__mulsf3)
c:/winavr-20071221/bin/../lib/gcc/avr/4.2.2/avr6\libgcc.a(_div_sf.o)
                              UART.o (__divsf3)
c:/winavr-20071221/bin/../lib/gcc/avr/4.2.2/avr6\libgcc.a(_ge_sf.o)
                              c:/winavr-20071221/bin/../lib/gcc/avr/4.2.2/avr6\libgcc.a(_fixunssfsi.o) (__gesf2)
c:/winavr-20071221/bin/../lib/gcc/avr/4.2.2/avr6\libgcc.a(_si_to_sf.o)
                              Timer.o (__floatsisf)
c:/winavr-20071221/bin/../lib/gcc/avr/4.2.2/avr6\libgcc.a(_sf_to_si.o)
                              Timer.o (__fixsfsi)
c:/winavr-20071221/bin/../lib/gcc/avr/4.2.2/avr6\libgcc.a(_thenan_sf.o)
                              c:/winavr-20071221/bin/../lib/gcc/avr/4.2.2/avr6\libgcc.a(_addsub_sf.o) (__thenan_sf)
c:/winavr-20071221/bin/../lib/gcc/avr/4.2.2/avr6\libgcc.a(_usi_to_sf.o)
                              UART.o (__floatunsisf)
c:/winavr-20071221/bin/../lib/gcc/avr/4.2.2/avr6\libgcc.a(_prologue.o)
                              c:/winavr-20071221/bin/../lib/gcc/avr/4.2.2/avr6\libgcc.a(_addsub_sf.o) (__prologue_saves__)
c:/winavr-20071221/bin/../lib/gcc/avr/4.2.2/avr6\libgcc.a(_epilogue.o)
                              c:/winavr-20071221/bin/../lib/gcc/avr/4.2.2/avr6\libgcc.a(_addsub_sf.o) (__epilogue_restores__)
c:/winavr-20071221/bin/../lib/gcc/avr/4.2.2/avr6\libgcc.a(_clzsi2.o)
                              c:/winavr-20071221/bin/../lib/gcc/avr/4.2.2/avr6\libgcc.a(_si_to_sf.o) (__clzsi2)
c:/winavr-20071221/bin/../lib/gcc/avr/4.2.2/avr6\libgcc.a(_pack_sf.o)
                              c:/winavr-20071221/bin/../lib/gcc/avr/4.2.2/avr6\libgcc.a(_addsub_sf.o) (__pack_f)
c:/winavr-20071221/bin/../lib/gcc/avr/4.2.2/avr6\libgcc.a(_unpack_sf.o)
                              c:/winavr-20071221/bin/../lib/gcc/avr/4.2.2/avr6\libgcc.a(_addsub_sf.o) (__unpack_f)
c:/winavr-20071221/bin/../lib/gcc/avr/4.2.2/avr6\libgcc.a(_fpcmp_parts_sf.o)
                              c:/winavr-20071221/bin/../lib/gcc/avr/4.2.2/avr6\libgcc.a(_ge_sf.o) (__fpcmp_parts_f)
c:/winavr-20071221/bin/../lib/gcc/avr/4.2.2/avr6\libgcc.a(_clz.o)
                              c:/winavr-20071221/bin/../lib/gcc/avr/4.2.2/avr6\libgcc.a(_clzsi2.o) (__clz_tab)
c:/winavr-20071221/bin/../lib/gcc/avr/4.2.2/../../../../avr/lib/avr6\libc.a(log.o)
                              Timer.o (log)
c:/winavr-20071221/bin/../lib/gcc/avr/4.2.2/../../../../avr/lib/avr6\libc.a(mulsf3x.o)
                              c:/winavr-20071221/bin/../lib/gcc/avr/4.2.2/../../../../avr/lib/avr6\libc.a(log.o) (__mulsf3x)
c:/winavr-20071221/bin/../lib/gcc/avr/4.2.2/../../../../avr/lib/avr6\libc.a(addsf3x.o)
                              c:/winavr-20071221/bin/../lib/gcc/avr/4.2.2/../../../../avr/lib/avr6\libc.a(log.o) (__addsf3x)
c:/winavr-20071221/bin/../lib/gcc/avr/4.2.2/../../../../avr/lib/avr6\libc.a(fp_inf.o)
                              c:/winavr-20071221/bin/../lib/gcc/avr/4.2.2/../../../../avr/lib/avr6\libc.a(log.o) (__fp_inf)
c:/winavr-20071221/bin/../lib/gcc/avr/4.2.2/../../../../avr/lib/avr6\libc.a(fp_mpack.o)
                              c:/winavr-20071221/bin/../lib/gcc/avr/4.2.2/../../../../avr/lib/avr6\libc.a(log.o) (__fp_mpack)
c:/winavr-20071221/bin/../lib/gcc/avr/4.2.2/../../../../avr/lib/avr6\libc.a(fp_nan.o)
                              c:/winavr-20071221/bin/../lib/gcc/avr/4.2.2/../../../../avr/lib/avr6\libc.a(log.o) (__fp_nan)
c:/winavr-20071221/bin/../lib/gcc/avr/4.2.2/../../../../avr/lib/avr6\libc.a(fp_powser.o)
                              c:/winavr-20071221/bin/../lib/gcc/avr/4.2.2/../../../../avr/lib/avr6\libc.a(log.o) (__fp_powser)
c:/winavr-20071221/bin/../lib/gcc/avr/4.2.2/../../../../avr/lib/avr6\libc.a(fp_pscA.o)
                              c:/winavr-20071221/bin/../lib/gcc/avr/4.2.2/../../../../avr/lib/avr6\libc.a(mulsf3x.o) (__fp_pscA)
c:/winavr-20071221/bin/../lib/gcc/avr/4.2.2/../../../../avr/lib/avr6\libc.a(fp_pscB.o)
                              c:/winavr-20071221/bin/../lib/gcc/avr/4.2.2/../../../../avr/lib/avr6\libc.a(mulsf3x.o) (__fp_pscB)
c:/winavr-20071221/bin/../lib/gcc/avr/4.2.2/../../../../avr/lib/avr6\libc.a(fp_round.o)
                              c:/winavr-20071221/bin/../lib/gcc/avr/4.2.2/../../../../avr/lib/avr6\libc.a(log.o) (__fp_round)
c:/winavr-20071221/bin/../lib/gcc/avr/4.2.2/../../../../avr/lib/avr6\libc.a(fp_split3.o)
                              c:/winavr-20071221/bin/../lib/gcc/avr/4.2.2/../../../../avr/lib/avr6\libc.a(mulsf3x.o) (__fp_split3)
c:/winavr-20071221/bin/../lib/gcc/avr/4.2.2/../../../../avr/lib/avr6\libc.a(fp_zero.o)
                              c:/winavr-20071221/bin/../lib/gcc/avr/4.2.2/../../../../avr/lib/avr6\libc.a(addsf3x.o) (__fp_zero)

Memory Configuration

Name             Origin             Length             Attributes
text             0x00000000         0x00100000         xr
data             0x00800060         0x0000ffa0         rw !x
eeprom           0x00810000         0x00010000         rw !x
fuse             0x00820000         0x00000400         rw !x
lock             0x00830000         0x00000400         rw !x
signature        0x00840000         0x00000400         rw !x
*default*        0x00000000         0xffffffff

Linker script and memory map

Address of section .data set to 0x800200
LOAD c:/winavr-20071221/bin/../lib/gcc/avr/4.2.2/../../../../avr/lib/avr6/crtm2560.o
LOAD P11.o
LOAD UART.o
LOAD Utility.o
LOAD song.o
LOAD Timer.o
LOAD c:/winavr-20071221/bin/../lib/gcc/avr/4.2.2/avr6\libgcc.a
LOAD c:/winavr-20071221/bin/../lib/gcc/avr/4.2.2/../../../../avr/lib/avr6\libc.a
LOAD c:/winavr-20071221/bin/../lib/gcc/avr/4.2.2/avr6\libgcc.a

.hash
 *(.hash)

.dynsym
 *(.dynsym)

.dynstr
 *(.dynstr)

.gnu.version
 *(.gnu.version)

.gnu.version_d
 *(.gnu.version_d)

.gnu.version_r
 *(.gnu.version_r)

.rel.init
 *(.rel.init)

.rela.init
 *(.rela.init)

.rel.text
 *(.rel.text)
 *(.rel.text.*)
 *(.rel.gnu.linkonce.t*)

.rela.text
 *(.rela.text)
 *(.rela.text.*)
 *(.rela.gnu.linkonce.t*)

.rel.fini
 *(.rel.fini)

.rela.fini
 *(.rela.fini)

.rel.rodata
 *(.rel.rodata)
 *(.rel.rodata.*)
 *(.rel.gnu.linkonce.r*)

.rela.rodata
 *(.rela.rodata)
 *(.rela.rodata.*)
 *(.rela.gnu.linkonce.r*)

.rel.data
 *(.rel.data)
 *(.rel.data.*)
 *(.rel.gnu.linkonce.d*)

.rela.data
 *(.rela.data)
 *(.rela.data.*)
 *(.rela.gnu.linkonce.d*)

.rel.ctors
 *(.rel.ctors)

.rela.ctors
 *(.rela.ctors)

.rel.dtors
 *(.rel.dtors)

.rela.dtors
 *(.rela.dtors)

.rel.got
 *(.rel.got)

.rela.got
 *(.rela.got)

.rel.bss
 *(.rel.bss)

.rela.bss
 *(.rela.bss)

.rel.plt
 *(.rel.plt)

.rela.plt
 *(.rela.plt)

.text           0x00000000     0x2e7a
 *(.vectors)
 .vectors       0x00000000       0xe4 c:/winavr-20071221/bin/../lib/gcc/avr/4.2.2/../../../../avr/lib/avr6/crtm2560.o
                0x00000000                __vectors
                0x00000000                __vector_default
 *(.vectors)
 *(.progmem.gcc*)
 .progmem.gcc_fplib
                0x000000e4       0x5a c:/winavr-20071221/bin/../lib/gcc/avr/4.2.2/../../../../avr/lib/avr6\libc.a(log.o)
 *(.progmem*)
 .progmem.data  0x0000013e      0xbd8 song.o
                0x0000025a                MetaKnight
                0x00000942                Ken_Melody
                0x000003f2                AngelesAzules
                0x0000055e                Ken_CMelody
                0x0000013e                ImperialMarch
                0x00000d16                . = ALIGN (0x2)
                0x00000d16                __trampolines_start = .
 *(.trampolines)
 .trampolines   0x00000d16        0x0 linker stubs
 *(.trampolines*)
                0x00000d16                __trampolines_end = .
 *(.jumptables)
 *(.jumptables*)
 *(.lowtext)
 *(.lowtext*)
                0x00000d16                __ctors_start = .
 *(.ctors)
                0x00000d16                __ctors_end = .
                0x00000d16                __dtors_start = .
 *(.dtors)
                0x00000d16                __dtors_end = .
 SORT(*)(.ctors)
 SORT(*)(.dtors)
 *(.init0)
 .init0         0x00000d16        0x0 c:/winavr-20071221/bin/../lib/gcc/avr/4.2.2/../../../../avr/lib/avr6/crtm2560.o
                0x00000d16                __init
 *(.init0)
 *(.init1)
 *(.init1)
 *(.init2)
 .init2         0x00000d16       0x10 c:/winavr-20071221/bin/../lib/gcc/avr/4.2.2/../../../../avr/lib/avr6/crtm2560.o
 *(.init2)
 *(.init3)
 *(.init3)
 *(.init4)
 .init4         0x00000d26       0x1a c:/winavr-20071221/bin/../lib/gcc/avr/4.2.2/../../../../avr/lib/avr6/crtm2560.o
                0x00000d26                __do_copy_data
 .init4         0x00000d40       0x10 c:/winavr-20071221/bin/../lib/gcc/avr/4.2.2/avr6\libgcc.a(_clear_bss.o)
                0x00000d40                __do_clear_bss
 *(.init4)
 *(.init5)
 *(.init5)
 *(.init6)
 *(.init6)
 *(.init7)
 *(.init7)
 *(.init8)
 *(.init8)
 *(.init9)
 .init9         0x00000d50        0x8 c:/winavr-20071221/bin/../lib/gcc/avr/4.2.2/../../../../avr/lib/avr6/crtm2560.o
 *(.init9)
 *(.text)
 .text          0x00000d58        0x4 c:/winavr-20071221/bin/../lib/gcc/avr/4.2.2/../../../../avr/lib/avr6/crtm2560.o
                0x00000d58                __vector_38
                0x00000d58                __vector_22
                0x00000d58                __vector_28
                0x00000d58                __vector_1
                0x00000d58                __vector_32
                0x00000d58                __vector_34
                0x00000d58                __vector_24
                0x00000d58                __vector_12
                0x00000d58                __vector_55
                0x00000d58                __vector_46
                0x00000d58                __bad_interrupt
                0x00000d58                __vector_6
                0x00000d58                __vector_31
                0x00000d58                __vector_35
                0x00000d58                __vector_39
                0x00000d58                __vector_3
                0x00000d58                __vector_23
                0x00000d58                __vector_30
                0x00000d58                __vector_45
                0x00000d58                __vector_11
                0x00000d58                __vector_54
                0x00000d58                __vector_13
                0x00000d58                __vector_17
                0x00000d58                __vector_19
                0x00000d58                __vector_56
                0x00000d58                __vector_7
                0x00000d58                __vector_49
                0x00000d58                __vector_41
                0x00000d58                __vector_43
                0x00000d58                __vector_27
                0x00000d58                __vector_5
                0x00000d58                __vector_33
                0x00000d58                __vector_47
                0x00000d58                __vector_52
                0x00000d58                __vector_37
                0x00000d58                __vector_4
                0x00000d58                __vector_44
                0x00000d58                __vector_51
                0x00000d58                __vector_9
                0x00000d58                __vector_2
                0x00000d58                __vector_15
                0x00000d58                __vector_36
                0x00000d58                __vector_29
                0x00000d58                __vector_40
                0x00000d58                __vector_8
                0x00000d58                __vector_48
                0x00000d58                __vector_14
                0x00000d58                __vector_53
                0x00000d58                __vector_10
                0x00000d58                __vector_50
                0x00000d58                __vector_16
                0x00000d58                __vector_18
                0x00000d58                __vector_20
                0x00000d58                __vector_42
 .text          0x00000d5c      0x2e0 P11.o
                0x00000d5c                main
 .text          0x0000103c      0x41a UART.o
                0x000012de                UART0_puts_polling
                0x0000121e                UDR0_EMPTY_INTERRUPT_ENABLE
                0x000011ba                clrscr
                0x00001242                UDR0_EMPTY_INTERRUPT_DISABLE
                0x00001198                setColor
                0x000011c4                __vector_25
                0x00001110                UART0_getData
                0x000012f8                UART0_gets_polling
                0x0000117e                UART0_puts
                0x00001120                UART0_getch
                0x0000124e                gotoxy
                0x0000103c                UART_Ini
                0x00001380                __vector_26
                0x00001100                UART0_sendData
                0x00001146                UART0_putchar
                0x0000122a                UART0_Available
                0x000013d6                UART0_gets
 .text          0x00001456       0xe8 Utility.o
                0x00001490                invertir
                0x000014ca                itoa
                0x00001456                atoi
 .text          0x0000153e        0x6 song.o
                0x0000153e                getPlayList
 .text          0x00001544      0x7ca Timer.o
                0x00001572                Timer0_Ini
                0x00001cd6                Timer2_PlayFromKey
                0x0000159e                Start_Record
                0x0000158e                ClrHold
                0x00001ad0                StopTimer
                0x00001616                Timer2_Freq_Gen
                0x00001594                getHoldFlag
                0x00001586                SetHold
                0x00001544                TICKS
                0x00001c34                Timer2_Play
                0x00001ada                Timer2_Volume
                0x000015b6                Stop_Record
                0x00001aa0                Timer1_Play
                0x000019ec                Timer1_Freq_Gen
                0x000016e2                __vector_21
 .text          0x00001d0e        0x0 c:/winavr-20071221/bin/../lib/gcc/avr/4.2.2/avr6\libgcc.a(_udivmodhi4.o)
 .text          0x00001d0e        0x0 c:/winavr-20071221/bin/../lib/gcc/avr/4.2.2/avr6\libgcc.a(_divmodhi4.o)
 .text          0x00001d0e        0x0 c:/winavr-20071221/bin/../lib/gcc/avr/4.2.2/avr6\libgcc.a(_exit.o)
 .text          0x00001d0e        0x0 c:/winavr-20071221/bin/../lib/gcc/avr/4.2.2/avr6\libgcc.a(_clear_bss.o)
 .text          0x00001d0e       0x4c c:/winavr-20071221/bin/../lib/gcc/avr/4.2.2/avr6\libgcc.a(_fixunssfsi.o)
                0x00001d0e                __fixunssfsi
 .text          0x00001d5a      0x348 c:/winavr-20071221/bin/../lib/gcc/avr/4.2.2/avr6\libgcc.a(_addsub_sf.o)
                0x00001fe6                __subsf3
                0x00002048                __addsf3
 .text          0x000020a2      0x1fe c:/winavr-20071221/bin/../lib/gcc/avr/4.2.2/avr6\libgcc.a(_mul_sf.o)
                0x000020a2                __mulsf3
 .text          0x000022a0      0x16a c:/winavr-20071221/bin/../lib/gcc/avr/4.2.2/avr6\libgcc.a(_div_sf.o)
                0x000022a0                __divsf3
 .text          0x0000240a       0x6c c:/winavr-20071221/bin/../lib/gcc/avr/4.2.2/avr6\libgcc.a(_ge_sf.o)
                0x0000240a                __gesf2
 .text          0x00002476       0xbc c:/winavr-20071221/bin/../lib/gcc/avr/4.2.2/avr6\libgcc.a(_si_to_sf.o)
                0x00002476                __floatsisf
 .text          0x00002532       0xa6 c:/winavr-20071221/bin/../lib/gcc/avr/4.2.2/avr6\libgcc.a(_sf_to_si.o)
                0x00002532                __fixsfsi
 .text          0x000025d8        0x0 c:/winavr-20071221/bin/../lib/gcc/avr/4.2.2/avr6\libgcc.a(_thenan_sf.o)
 .text          0x000025d8       0xe6 c:/winavr-20071221/bin/../lib/gcc/avr/4.2.2/avr6\libgcc.a(_usi_to_sf.o)
                0x000025d8                __floatunsisf
 .text          0x000026be        0x0 c:/winavr-20071221/bin/../lib/gcc/avr/4.2.2/avr6\libgcc.a(_prologue.o)
 .text          0x000026be        0x0 c:/winavr-20071221/bin/../lib/gcc/avr/4.2.2/avr6\libgcc.a(_epilogue.o)
 .text          0x000026be       0x9a c:/winavr-20071221/bin/../lib/gcc/avr/4.2.2/avr6\libgcc.a(_clzsi2.o)
                0x000026be                __clzsi2
 .text          0x00002758      0x1c0 c:/winavr-20071221/bin/../lib/gcc/avr/4.2.2/avr6\libgcc.a(_pack_sf.o)
                0x00002758                __pack_f
 .text          0x00002918       0xe0 c:/winavr-20071221/bin/../lib/gcc/avr/4.2.2/avr6\libgcc.a(_unpack_sf.o)
                0x00002918                __unpack_f
 .text          0x000029f8       0xac c:/winavr-20071221/bin/../lib/gcc/avr/4.2.2/avr6\libgcc.a(_fpcmp_parts_sf.o)
                0x000029f8                __fpcmp_parts_f
 .text          0x00002aa4        0x0 c:/winavr-20071221/bin/../lib/gcc/avr/4.2.2/avr6\libgcc.a(_clz.o)
 .text          0x00002aa4        0x0 c:/winavr-20071221/bin/../lib/gcc/avr/4.2.2/../../../../avr/lib/avr6\libc.a(log.o)
 .text          0x00002aa4        0x0 c:/winavr-20071221/bin/../lib/gcc/avr/4.2.2/../../../../avr/lib/avr6\libc.a(mulsf3x.o)
 .text          0x00002aa4        0x0 c:/winavr-20071221/bin/../lib/gcc/avr/4.2.2/../../../../avr/lib/avr6\libc.a(addsf3x.o)
 .text          0x00002aa4        0x0 c:/winavr-20071221/bin/../lib/gcc/avr/4.2.2/../../../../avr/lib/avr6\libc.a(fp_inf.o)
 .text          0x00002aa4        0x0 c:/winavr-20071221/bin/../lib/gcc/avr/4.2.2/../../../../avr/lib/avr6\libc.a(fp_mpack.o)
 .text          0x00002aa4        0x0 c:/winavr-20071221/bin/../lib/gcc/avr/4.2.2/../../../../avr/lib/avr6\libc.a(fp_nan.o)
 .text          0x00002aa4        0x0 c:/winavr-20071221/bin/../lib/gcc/avr/4.2.2/../../../../avr/lib/avr6\libc.a(fp_powser.o)
 .text          0x00002aa4        0x0 c:/winavr-20071221/bin/../lib/gcc/avr/4.2.2/../../../../avr/lib/avr6\libc.a(fp_pscA.o)
 .text          0x00002aa4        0x0 c:/winavr-20071221/bin/../lib/gcc/avr/4.2.2/../../../../avr/lib/avr6\libc.a(fp_pscB.o)
 .text          0x00002aa4        0x0 c:/winavr-20071221/bin/../lib/gcc/avr/4.2.2/../../../../avr/lib/avr6\libc.a(fp_round.o)
 .text          0x00002aa4        0x0 c:/winavr-20071221/bin/../lib/gcc/avr/4.2.2/../../../../avr/lib/avr6\libc.a(fp_split3.o)
 .text          0x00002aa4        0x0 c:/winavr-20071221/bin/../lib/gcc/avr/4.2.2/../../../../avr/lib/avr6\libc.a(fp_zero.o)
                0x00002aa4                . = ALIGN (0x2)
 *(.text.*)
 .text.libgcc   0x00002aa4       0x28 c:/winavr-20071221/bin/../lib/gcc/avr/4.2.2/avr6\libgcc.a(_udivmodhi4.o)
                0x00002aa4                __udivmodhi4
 .text.libgcc   0x00002acc       0x26 c:/winavr-20071221/bin/../lib/gcc/avr/4.2.2/avr6\libgcc.a(_divmodhi4.o)
                0x00002acc                __divmodhi4
                0x00002acc                _div
 .text.libgcc   0x00002af2        0x0 c:/winavr-20071221/bin/../lib/gcc/avr/4.2.2/avr6\libgcc.a(_exit.o)
 .text.libgcc   0x00002af2        0x0 c:/winavr-20071221/bin/../lib/gcc/avr/4.2.2/avr6\libgcc.a(_clear_bss.o)
 .text.libgcc   0x00002af2       0x38 c:/winavr-20071221/bin/../lib/gcc/avr/4.2.2/avr6\libgcc.a(_prologue.o)
                0x00002af2                __prologue_saves__
 .text.libgcc   0x00002b2a       0x36 c:/winavr-20071221/bin/../lib/gcc/avr/4.2.2/avr6\libgcc.a(_epilogue.o)
                0x00002b2a                __epilogue_restores__
 .text.fplib    0x00002b60       0x8a c:/winavr-20071221/bin/../lib/gcc/avr/4.2.2/../../../../avr/lib/avr6\libc.a(log.o)
                0x00002b6a                log
 .text.fplib    0x00002bea       0xc2 c:/winavr-20071221/bin/../lib/gcc/avr/4.2.2/../../../../avr/lib/avr6\libc.a(mulsf3x.o)
                0x00002c02                __mulsf3_pse
                0x00002bfe                __mulsf3x
 .text.fplib    0x00002cac       0xc0 c:/winavr-20071221/bin/../lib/gcc/avr/4.2.2/../../../../avr/lib/avr6\libc.a(addsf3x.o)
                0x00002cc6                __addsf3x
 .text.fplib    0x00002d6c        0xc c:/winavr-20071221/bin/../lib/gcc/avr/4.2.2/../../../../avr/lib/avr6\libc.a(fp_inf.o)
                0x00002d6c                __fp_inf
 .text.fplib    0x00002d78       0x20 c:/winavr-20071221/bin/../lib/gcc/avr/4.2.2/../../../../avr/lib/avr6\libc.a(fp_mpack.o)
                0x00002d78                __fp_mpack
 .text.fplib    0x00002d98        0x6 c:/winavr-20071221/bin/../lib/gcc/avr/4.2.2/../../../../avr/lib/avr6\libc.a(fp_nan.o)
                0x00002d98                __fp_nan
 .text.fplib    0x00002d9e       0x4a c:/winavr-20071221/bin/../lib/gcc/avr/4.2.2/../../../../avr/lib/avr6\libc.a(fp_powser.o)
                0x00002d9e                __fp_powser
 .text.fplib    0x00002de8        0xe c:/winavr-20071221/bin/../lib/gcc/avr/4.2.2/../../../../avr/lib/avr6\libc.a(fp_pscA.o)
                0x00002de8                __fp_pscA
 .text.fplib    0x00002df6        0xe c:/winavr-20071221/bin/../lib/gcc/avr/4.2.2/../../../../avr/lib/avr6\libc.a(fp_pscB.o)
                0x00002df6                __fp_pscB
 .text.fplib    0x00002e04       0x22 c:/winavr-20071221/bin/../lib/gcc/avr/4.2.2/../../../../avr/lib/avr6\libc.a(fp_round.o)
                0x00002e04                __fp_round
 .text.fplib    0x00002e26       0x44 c:/winavr-20071221/bin/../lib/gcc/avr/4.2.2/../../../../avr/lib/avr6\libc.a(fp_split3.o)
                0x00002e26                __fp_split3
                0x00002e36                __fp_splitA
 .text.fplib    0x00002e6a        0xe c:/winavr-20071221/bin/../lib/gcc/avr/4.2.2/../../../../avr/lib/avr6\libc.a(fp_zero.o)
                0x00002e6a                __fp_zero
                0x00002e6c                __fp_szero
                0x00002e78                . = ALIGN (0x2)
 *(.fini9)
 .fini9         0x00002e78        0x0 c:/winavr-20071221/bin/../lib/gcc/avr/4.2.2/avr6\libgcc.a(_exit.o)
                0x00002e78                exit
                0x00002e78                _exit
 *(.fini9)
 *(.fini8)
 *(.fini8)
 *(.fini7)
 *(.fini7)
 *(.fini6)
 *(.fini6)
 *(.fini5)
 *(.fini5)
 *(.fini4)
 *(.fini4)
 *(.fini3)
 *(.fini3)
 *(.fini2)
 *(.fini2)
 *(.fini1)
 *(.fini1)
 *(.fini0)
 .fini0         0x00002e78        0x2 c:/winavr-20071221/bin/../lib/gcc/avr/4.2.2/avr6\libgcc.a(_exit.o)
 *(.fini0)
                0x00002e7a                _etext = .

.data           0x00800200      0x1e6 load address 0x00002e7a
                0x00800200                PROVIDE (__data_start, .)
 *(.data)
 .data          0x00800200        0x0 c:/winavr-20071221/bin/../lib/gcc/avr/4.2.2/../../../../avr/lib/avr6/crtm2560.o
 .data          0x00800200       0xab P11.o
 .data          0x008002ab       0x14 UART.o
 .data          0x008002bf        0x0 Utility.o
 .data          0x008002bf        0xa song.o
                0x008002bf                PlayList
 .data          0x008002c9       0x15 Timer.o
                0x008002dd                persent
                0x008002db                x
 .data          0x008002de        0x0 c:/winavr-20071221/bin/../lib/gcc/avr/4.2.2/avr6\libgcc.a(_udivmodhi4.o)
 .data          0x008002de        0x0 c:/winavr-20071221/bin/../lib/gcc/avr/4.2.2/avr6\libgcc.a(_divmodhi4.o)
 .data          0x008002de        0x0 c:/winavr-20071221/bin/../lib/gcc/avr/4.2.2/avr6\libgcc.a(_exit.o)
 .data          0x008002de        0x0 c:/winavr-20071221/bin/../lib/gcc/avr/4.2.2/avr6\libgcc.a(_clear_bss.o)
 .data          0x008002de        0x0 c:/winavr-20071221/bin/../lib/gcc/avr/4.2.2/avr6\libgcc.a(_fixunssfsi.o)
 .data          0x008002de        0x0 c:/winavr-20071221/bin/../lib/gcc/avr/4.2.2/avr6\libgcc.a(_addsub_sf.o)
 .data          0x008002de        0x0 c:/winavr-20071221/bin/../lib/gcc/avr/4.2.2/avr6\libgcc.a(_mul_sf.o)
 .data          0x008002de        0x0 c:/winavr-20071221/bin/../lib/gcc/avr/4.2.2/avr6\libgcc.a(_div_sf.o)
 .data          0x008002de        0x0 c:/winavr-20071221/bin/../lib/gcc/avr/4.2.2/avr6\libgcc.a(_ge_sf.o)
 .data          0x008002de        0x0 c:/winavr-20071221/bin/../lib/gcc/avr/4.2.2/avr6\libgcc.a(_si_to_sf.o)
 .data          0x008002de        0x0 c:/winavr-20071221/bin/../lib/gcc/avr/4.2.2/avr6\libgcc.a(_sf_to_si.o)
 .data          0x008002de        0x8 c:/winavr-20071221/bin/../lib/gcc/avr/4.2.2/avr6\libgcc.a(_thenan_sf.o)
                0x008002de                __thenan_sf
 .data          0x008002e6        0x0 c:/winavr-20071221/bin/../lib/gcc/avr/4.2.2/avr6\libgcc.a(_usi_to_sf.o)
 .data          0x008002e6        0x0 c:/winavr-20071221/bin/../lib/gcc/avr/4.2.2/avr6\libgcc.a(_prologue.o)
 .data          0x008002e6        0x0 c:/winavr-20071221/bin/../lib/gcc/avr/4.2.2/avr6\libgcc.a(_epilogue.o)
 .data          0x008002e6        0x0 c:/winavr-20071221/bin/../lib/gcc/avr/4.2.2/avr6\libgcc.a(_clzsi2.o)
 .data          0x008002e6        0x0 c:/winavr-20071221/bin/../lib/gcc/avr/4.2.2/avr6\libgcc.a(_pack_sf.o)
 .data          0x008002e6        0x0 c:/winavr-20071221/bin/../lib/gcc/avr/4.2.2/avr6\libgcc.a(_unpack_sf.o)
 .data          0x008002e6        0x0 c:/winavr-20071221/bin/../lib/gcc/avr/4.2.2/avr6\libgcc.a(_fpcmp_parts_sf.o)
 .data          0x008002e6      0x100 c:/winavr-20071221/bin/../lib/gcc/avr/4.2.2/avr6\libgcc.a(_clz.o)
                0x008002e6                __clz_tab
 .data          0x008003e6        0x0 c:/winavr-20071221/bin/../lib/gcc/avr/4.2.2/../../../../avr/lib/avr6\libc.a(log.o)
 .data          0x008003e6        0x0 c:/winavr-20071221/bin/../lib/gcc/avr/4.2.2/../../../../avr/lib/avr6\libc.a(mulsf3x.o)
 .data          0x008003e6        0x0 c:/winavr-20071221/bin/../lib/gcc/avr/4.2.2/../../../../avr/lib/avr6\libc.a(addsf3x.o)
 .data          0x008003e6        0x0 c:/winavr-20071221/bin/../lib/gcc/avr/4.2.2/../../../../avr/lib/avr6\libc.a(fp_inf.o)
 .data          0x008003e6        0x0 c:/winavr-20071221/bin/../lib/gcc/avr/4.2.2/../../../../avr/lib/avr6\libc.a(fp_mpack.o)
 .data          0x008003e6        0x0 c:/winavr-20071221/bin/../lib/gcc/avr/4.2.2/../../../../avr/lib/avr6\libc.a(fp_nan.o)
 .data          0x008003e6        0x0 c:/winavr-20071221/bin/../lib/gcc/avr/4.2.2/../../../../avr/lib/avr6\libc.a(fp_powser.o)
 .data          0x008003e6        0x0 c:/winavr-20071221/bin/../lib/gcc/avr/4.2.2/../../../../avr/lib/avr6\libc.a(fp_pscA.o)
 .data          0x008003e6        0x0 c:/winavr-20071221/bin/../lib/gcc/avr/4.2.2/../../../../avr/lib/avr6\libc.a(fp_pscB.o)
 .data          0x008003e6        0x0 c:/winavr-20071221/bin/../lib/gcc/avr/4.2.2/../../../../avr/lib/avr6\libc.a(fp_round.o)
 .data          0x008003e6        0x0 c:/winavr-20071221/bin/../lib/gcc/avr/4.2.2/../../../../avr/lib/avr6\libc.a(fp_split3.o)
 .data          0x008003e6        0x0 c:/winavr-20071221/bin/../lib/gcc/avr/4.2.2/../../../../avr/lib/avr6\libc.a(fp_zero.o)
 *(.data*)
 *(.rodata)
 *(.rodata*)
 *(.gnu.linkonce.d*)
                0x008003e6                . = ALIGN (0x2)
                0x008003e6                _edata = .
                0x008003e6                PROVIDE (__data_end, .)

.bss            0x008003e6      0x63b load address 0x00003060
                0x008003e6                PROVIDE (__bss_start, .)
 *(.bss)
 .bss           0x008003e6        0x0 c:/winavr-20071221/bin/../lib/gcc/avr/4.2.2/../../../../avr/lib/avr6/crtm2560.o
 .bss           0x008003e6      0x40a P11.o
 .bss           0x008007f0      0x204 UART.o
 .bss           0x008009f4        0x0 Utility.o
 .bss           0x008009f4        0x0 song.o
 .bss           0x008009f4       0x2d Timer.o
 .bss           0x00800a21        0x0 c:/winavr-20071221/bin/../lib/gcc/avr/4.2.2/avr6\libgcc.a(_udivmodhi4.o)
 .bss           0x00800a21        0x0 c:/winavr-20071221/bin/../lib/gcc/avr/4.2.2/avr6\libgcc.a(_divmodhi4.o)
 .bss           0x00800a21        0x0 c:/winavr-20071221/bin/../lib/gcc/avr/4.2.2/avr6\libgcc.a(_exit.o)
 .bss           0x00800a21        0x0 c:/winavr-20071221/bin/../lib/gcc/avr/4.2.2/avr6\libgcc.a(_clear_bss.o)
 .bss           0x00800a21        0x0 c:/winavr-20071221/bin/../lib/gcc/avr/4.2.2/avr6\libgcc.a(_fixunssfsi.o)
 .bss           0x00800a21        0x0 c:/winavr-20071221/bin/../lib/gcc/avr/4.2.2/avr6\libgcc.a(_addsub_sf.o)
 .bss           0x00800a21        0x0 c:/winavr-20071221/bin/../lib/gcc/avr/4.2.2/avr6\libgcc.a(_mul_sf.o)
 .bss           0x00800a21        0x0 c:/winavr-20071221/bin/../lib/gcc/avr/4.2.2/avr6\libgcc.a(_div_sf.o)
 .bss           0x00800a21        0x0 c:/winavr-20071221/bin/../lib/gcc/avr/4.2.2/avr6\libgcc.a(_ge_sf.o)
 .bss           0x00800a21        0x0 c:/winavr-20071221/bin/../lib/gcc/avr/4.2.2/avr6\libgcc.a(_si_to_sf.o)
 .bss           0x00800a21        0x0 c:/winavr-20071221/bin/../lib/gcc/avr/4.2.2/avr6\libgcc.a(_sf_to_si.o)
 .bss           0x00800a21        0x0 c:/winavr-20071221/bin/../lib/gcc/avr/4.2.2/avr6\libgcc.a(_thenan_sf.o)
 .bss           0x00800a21        0x0 c:/winavr-20071221/bin/../lib/gcc/avr/4.2.2/avr6\libgcc.a(_usi_to_sf.o)
 .bss           0x00800a21        0x0 c:/winavr-20071221/bin/../lib/gcc/avr/4.2.2/avr6\libgcc.a(_prologue.o)
 .bss           0x00800a21        0x0 c:/winavr-20071221/bin/../lib/gcc/avr/4.2.2/avr6\libgcc.a(_epilogue.o)
 .bss           0x00800a21        0x0 c:/winavr-20071221/bin/../lib/gcc/avr/4.2.2/avr6\libgcc.a(_clzsi2.o)
 .bss           0x00800a21        0x0 c:/winavr-20071221/bin/../lib/gcc/avr/4.2.2/avr6\libgcc.a(_pack_sf.o)
 .bss           0x00800a21        0x0 c:/winavr-20071221/bin/../lib/gcc/avr/4.2.2/avr6\libgcc.a(_unpack_sf.o)
 .bss           0x00800a21        0x0 c:/winavr-20071221/bin/../lib/gcc/avr/4.2.2/avr6\libgcc.a(_fpcmp_parts_sf.o)
 .bss           0x00800a21        0x0 c:/winavr-20071221/bin/../lib/gcc/avr/4.2.2/avr6\libgcc.a(_clz.o)
 .bss           0x00800a21        0x0 c:/winavr-20071221/bin/../lib/gcc/avr/4.2.2/../../../../avr/lib/avr6\libc.a(log.o)
 .bss           0x00800a21        0x0 c:/winavr-20071221/bin/../lib/gcc/avr/4.2.2/../../../../avr/lib/avr6\libc.a(mulsf3x.o)
 .bss           0x00800a21        0x0 c:/winavr-20071221/bin/../lib/gcc/avr/4.2.2/../../../../avr/lib/avr6\libc.a(addsf3x.o)
 .bss           0x00800a21        0x0 c:/winavr-20071221/bin/../lib/gcc/avr/4.2.2/../../../../avr/lib/avr6\libc.a(fp_inf.o)
 .bss           0x00800a21        0x0 c:/winavr-20071221/bin/../lib/gcc/avr/4.2.2/../../../../avr/lib/avr6\libc.a(fp_mpack.o)
 .bss           0x00800a21        0x0 c:/winavr-20071221/bin/../lib/gcc/avr/4.2.2/../../../../avr/lib/avr6\libc.a(fp_nan.o)
 .bss           0x00800a21        0x0 c:/winavr-20071221/bin/../lib/gcc/avr/4.2.2/../../../../avr/lib/avr6\libc.a(fp_powser.o)
 .bss           0x00800a21        0x0 c:/winavr-20071221/bin/../lib/gcc/avr/4.2.2/../../../../avr/lib/avr6\libc.a(fp_pscA.o)
 .bss           0x00800a21        0x0 c:/winavr-20071221/bin/../lib/gcc/avr/4.2.2/../../../../avr/lib/avr6\libc.a(fp_pscB.o)
 .bss           0x00800a21        0x0 c:/winavr-20071221/bin/../lib/gcc/avr/4.2.2/../../../../avr/lib/avr6\libc.a(fp_round.o)
 .bss           0x00800a21        0x0 c:/winavr-20071221/bin/../lib/gcc/avr/4.2.2/../../../../avr/lib/avr6\libc.a(fp_split3.o)
 .bss           0x00800a21        0x0 c:/winavr-20071221/bin/../lib/gcc/avr/4.2.2/../../../../avr/lib/avr6\libc.a(fp_zero.o)
 *(.bss*)
 *(COMMON)
                0x00800a21                PROVIDE (__bss_end, .)
                0x00002e7a                __data_load_start = LOADADDR (.data)
                0x00003060                __data_load_end = (__data_load_start + SIZEOF (.data))

.noinit         0x00800a21        0x0
                0x00800a21                PROVIDE (__noinit_start, .)
 *(.noinit*)
                0x00800a21                PROVIDE (__noinit_end, .)
                0x00800a21                _end = .
                0x00800a21                PROVIDE (__heap_start, .)

.eeprom         0x00810000        0x0
 *(.eeprom*)
                0x00810000                __eeprom_end = .

.fuse
 *(.fuse)
 *(.lfuse)
 *(.hfuse)
 *(.efuse)

.lock
 *(.lock*)

.signature
 *(.signature*)

.stab           0x00000000      0x42c
 *(.stab)
 .stab          0x00000000      0x42c c:/winavr-20071221/bin/../lib/gcc/avr/4.2.2/../../../../avr/lib/avr6/crtm2560.o

.stabstr        0x00000000       0x5f
 *(.stabstr)
 .stabstr       0x00000000       0x5f c:/winavr-20071221/bin/../lib/gcc/avr/4.2.2/../../../../avr/lib/avr6/crtm2560.o

.stab.excl
 *(.stab.excl)

.stab.exclstr
 *(.stab.exclstr)

.stab.index
 *(.stab.index)

.stab.indexstr
 *(.stab.indexstr)

.comment
 *(.comment)

.debug
 *(.debug)

.line
 *(.line)

.debug_srcinfo
 *(.debug_srcinfo)

.debug_sfnames
 *(.debug_sfnames)

.debug_aranges  0x00000000       0xa0
 *(.debug_aranges)
 .debug_aranges
                0x00000000       0x20 P11.o
 .debug_aranges
                0x00000020       0x20 UART.o
 .debug_aranges
                0x00000040       0x20 Utility.o
 .debug_aranges
                0x00000060       0x20 song.o
 .debug_aranges
                0x00000080       0x20 Timer.o

.debug_pubnames
                0x00000000      0x32c
 *(.debug_pubnames)
 .debug_pubnames
                0x00000000       0x1b P11.o
 .debug_pubnames
                0x0000001b      0x14a UART.o
 .debug_pubnames
                0x00000165       0x31 Utility.o
 .debug_pubnames
                0x00000196       0x81 song.o
 .debug_pubnames
                0x00000217      0x115 Timer.o

.debug_info     0x00000000      0xe81
 *(.debug_info)
 .debug_info    0x00000000      0x194 P11.o
 .debug_info    0x00000194      0x4ce UART.o
 .debug_info    0x00000662      0x193 Utility.o
 .debug_info    0x000007f5      0x1ba song.o
 .debug_info    0x000009af      0x4d2 Timer.o
 *(.gnu.linkonce.wi.*)

.debug_abbrev   0x00000000      0x633
 *(.debug_abbrev)
 .debug_abbrev  0x00000000       0xe3 P11.o
 .debug_abbrev  0x000000e3      0x207 UART.o
 .debug_abbrev  0x000002ea       0xda Utility.o
 .debug_abbrev  0x000003c4       0xc2 song.o
 .debug_abbrev  0x00000486      0x1ad Timer.o

.debug_line     0x00000000      0xd7b
 *(.debug_line)
 .debug_line    0x00000000      0x2bd P11.o
 .debug_line    0x000002bd      0x415 UART.o
 .debug_line    0x000006d2      0x145 Utility.o
 .debug_line    0x00000817       0xd1 song.o
 .debug_line    0x000008e8      0x493 Timer.o

.debug_frame    0x00000000      0x2a0
 *(.debug_frame)
 .debug_frame   0x00000000       0x20 P11.o
 .debug_frame   0x00000020      0x120 UART.o
 .debug_frame   0x00000140       0x40 Utility.o
 .debug_frame   0x00000180       0x20 song.o
 .debug_frame   0x000001a0      0x100 Timer.o

.debug_str      0x00000000      0x453
 *(.debug_str)
 .debug_str     0x00000000       0xe2 P11.o
                                0x133 (size before relaxing)
 .debug_str     0x000000e2      0x172 UART.o
                                0x236 (size before relaxing)
 .debug_str     0x00000254       0x2c Utility.o
                                 0xf9 (size before relaxing)
 .debug_str     0x00000280       0x54 song.o
                                0x13c (size before relaxing)
 .debug_str     0x000002d4      0x17f Timer.o
                                0x27a (size before relaxing)

.debug_loc      0x00000000      0x4ef
 *(.debug_loc)
 .debug_loc     0x00000000      0x1f0 UART.o
 .debug_loc     0x000001f0      0x14e Utility.o
 .debug_loc     0x0000033e      0x1b1 Timer.o

.debug_macinfo
 *(.debug_macinfo)
OUTPUT(P11.elf elf32-avr)
LOAD linker stubs

.debug_ranges   0x00000000       0x18
 .debug_ranges  0x00000000       0x18 UART.o
