Archive member included because of file (symbol)

c:/winavr-20071221/bin/../lib/gcc/avr/4.2.2/avr6\libgcc.a(_udivmodhi4.o)
                              Utility.o (__udivmodhi4)
c:/winavr-20071221/bin/../lib/gcc/avr/4.2.2/avr6\libgcc.a(_divmodhi4.o)
                              Timer.o (__divmodhi4)
c:/winavr-20071221/bin/../lib/gcc/avr/4.2.2/avr6\libgcc.a(_exit.o)
                              c:/winavr-20071221/bin/../lib/gcc/avr/4.2.2/../../../../avr/lib/avr6/crtm2560.o (exit)
c:/winavr-20071221/bin/../lib/gcc/avr/4.2.2/avr6\libgcc.a(_clear_bss.o)
                              P11.o (__do_clear_bss)
c:/winavr-20071221/bin/../lib/gcc/avr/4.2.2/avr6\libgcc.a(_fixunssfsi.o)
                              UART.o (__fixunssfsi)
c:/winavr-20071221/bin/../lib/gcc/avr/4.2.2/avr6\libgcc.a(_addsub_sf.o)
                              UART.o (__subsf3)
c:/winavr-20071221/bin/../lib/gcc/avr/4.2.2/avr6\libgcc.a(_mul_sf.o)
                              UART.o (__mulsf3)
c:/winavr-20071221/bin/../lib/gcc/avr/4.2.2/avr6\libgcc.a(_div_sf.o)
                              UART.o (__divsf3)
c:/winavr-20071221/bin/../lib/gcc/avr/4.2.2/avr6\libgcc.a(_ge_sf.o)
                              c:/winavr-20071221/bin/../lib/gcc/avr/4.2.2/avr6\libgcc.a(_fixunssfsi.o) (__gesf2)
c:/winavr-20071221/bin/../lib/gcc/avr/4.2.2/avr6\libgcc.a(_sf_to_si.o)
                              c:/winavr-20071221/bin/../lib/gcc/avr/4.2.2/avr6\libgcc.a(_fixunssfsi.o) (__fixsfsi)
c:/winavr-20071221/bin/../lib/gcc/avr/4.2.2/avr6\libgcc.a(_thenan_sf.o)
                              c:/winavr-20071221/bin/../lib/gcc/avr/4.2.2/avr6\libgcc.a(_addsub_sf.o) (__thenan_sf)
c:/winavr-20071221/bin/../lib/gcc/avr/4.2.2/avr6\libgcc.a(_usi_to_sf.o)
                              UART.o (__floatunsisf)
c:/winavr-20071221/bin/../lib/gcc/avr/4.2.2/avr6\libgcc.a(_prologue.o)
                              c:/winavr-20071221/bin/../lib/gcc/avr/4.2.2/avr6\libgcc.a(_addsub_sf.o) (__prologue_saves__)
c:/winavr-20071221/bin/../lib/gcc/avr/4.2.2/avr6\libgcc.a(_epilogue.o)
                              c:/winavr-20071221/bin/../lib/gcc/avr/4.2.2/avr6\libgcc.a(_addsub_sf.o) (__epilogue_restores__)
c:/winavr-20071221/bin/../lib/gcc/avr/4.2.2/avr6\libgcc.a(_clzsi2.o)
                              c:/winavr-20071221/bin/../lib/gcc/avr/4.2.2/avr6\libgcc.a(_usi_to_sf.o) (__clzsi2)
c:/winavr-20071221/bin/../lib/gcc/avr/4.2.2/avr6\libgcc.a(_pack_sf.o)
                              c:/winavr-20071221/bin/../lib/gcc/avr/4.2.2/avr6\libgcc.a(_addsub_sf.o) (__pack_f)
c:/winavr-20071221/bin/../lib/gcc/avr/4.2.2/avr6\libgcc.a(_unpack_sf.o)
                              c:/winavr-20071221/bin/../lib/gcc/avr/4.2.2/avr6\libgcc.a(_addsub_sf.o) (__unpack_f)
c:/winavr-20071221/bin/../lib/gcc/avr/4.2.2/avr6\libgcc.a(_fpcmp_parts_sf.o)
                              c:/winavr-20071221/bin/../lib/gcc/avr/4.2.2/avr6\libgcc.a(_ge_sf.o) (__fpcmp_parts_f)
c:/winavr-20071221/bin/../lib/gcc/avr/4.2.2/avr6\libgcc.a(_clz.o)
                              c:/winavr-20071221/bin/../lib/gcc/avr/4.2.2/avr6\libgcc.a(_clzsi2.o) (__clz_tab)

Memory Configuration

Name             Origin             Length             Attributes
text             0x00000000         0x00100000         xr
data             0x00800060         0x0000ffa0         rw !x
eeprom           0x00810000         0x00010000         rw !x
fuse             0x00820000         0x00000400         rw !x
lock             0x00830000         0x00000400         rw !x
signature        0x00840000         0x00000400         rw !x
*default*        0x00000000         0xffffffff

Linker script and memory map

Address of section .data set to 0x800200
LOAD c:/winavr-20071221/bin/../lib/gcc/avr/4.2.2/../../../../avr/lib/avr6/crtm2560.o
LOAD P11.o
LOAD UART.o
LOAD Utility.o
LOAD song.o
LOAD Timer.o
LOAD c:/winavr-20071221/bin/../lib/gcc/avr/4.2.2/avr6\libgcc.a
LOAD c:/winavr-20071221/bin/../lib/gcc/avr/4.2.2/../../../../avr/lib/avr6\libc.a
LOAD c:/winavr-20071221/bin/../lib/gcc/avr/4.2.2/avr6\libgcc.a

.hash
 *(.hash)

.dynsym
 *(.dynsym)

.dynstr
 *(.dynstr)

.gnu.version
 *(.gnu.version)

.gnu.version_d
 *(.gnu.version_d)

.gnu.version_r
 *(.gnu.version_r)

.rel.init
 *(.rel.init)

.rela.init
 *(.rela.init)

.rel.text
 *(.rel.text)
 *(.rel.text.*)
 *(.rel.gnu.linkonce.t*)

.rela.text
 *(.rela.text)
 *(.rela.text.*)
 *(.rela.gnu.linkonce.t*)

.rel.fini
 *(.rel.fini)

.rela.fini
 *(.rela.fini)

.rel.rodata
 *(.rel.rodata)
 *(.rel.rodata.*)
 *(.rel.gnu.linkonce.r*)

.rela.rodata
 *(.rela.rodata)
 *(.rela.rodata.*)
 *(.rela.gnu.linkonce.r*)

.rel.data
 *(.rel.data)
 *(.rel.data.*)
 *(.rel.gnu.linkonce.d*)

.rela.data
 *(.rela.data)
 *(.rela.data.*)
 *(.rela.gnu.linkonce.d*)

.rel.ctors
 *(.rel.ctors)

.rela.ctors
 *(.rela.ctors)

.rel.dtors
 *(.rel.dtors)

.rela.dtors
 *(.rela.dtors)

.rel.got
 *(.rel.got)

.rela.got
 *(.rela.got)

.rel.bss
 *(.rel.bss)

.rela.bss
 *(.rela.bss)

.rel.plt
 *(.rel.plt)

.rela.plt
 *(.rela.plt)

.text           0x00000000     0x2448
 *(.vectors)
 .vectors       0x00000000       0xe4 c:/winavr-20071221/bin/../lib/gcc/avr/4.2.2/../../../../avr/lib/avr6/crtm2560.o
                0x00000000                __vectors
                0x00000000                __vector_default
 *(.vectors)
 *(.progmem.gcc*)
 *(.progmem*)
 .progmem.data  0x000000e4      0xbd8 song.o
                0x00000200                MetaKnight
                0x000008e8                Ken_Melody
                0x00000398                AngelesAzules
                0x00000504                Ken_CMelody
                0x000000e4                ImperialMarch
                0x00000cbc                . = ALIGN (0x2)
                0x00000cbc                __trampolines_start = .
 *(.trampolines)
 .trampolines   0x00000cbc        0x0 linker stubs
 *(.trampolines*)
                0x00000cbc                __trampolines_end = .
 *(.jumptables)
 *(.jumptables*)
 *(.lowtext)
 *(.lowtext*)
                0x00000cbc                __ctors_start = .
 *(.ctors)
                0x00000cbc                __ctors_end = .
                0x00000cbc                __dtors_start = .
 *(.dtors)
                0x00000cbc                __dtors_end = .
 SORT(*)(.ctors)
 SORT(*)(.dtors)
 *(.init0)
 .init0         0x00000cbc        0x0 c:/winavr-20071221/bin/../lib/gcc/avr/4.2.2/../../../../avr/lib/avr6/crtm2560.o
                0x00000cbc                __init
 *(.init0)
 *(.init1)
 *(.init1)
 *(.init2)
 .init2         0x00000cbc       0x10 c:/winavr-20071221/bin/../lib/gcc/avr/4.2.2/../../../../avr/lib/avr6/crtm2560.o
 *(.init2)
 *(.init3)
 *(.init3)
 *(.init4)
 .init4         0x00000ccc       0x1a c:/winavr-20071221/bin/../lib/gcc/avr/4.2.2/../../../../avr/lib/avr6/crtm2560.o
                0x00000ccc                __do_copy_data
 .init4         0x00000ce6       0x10 c:/winavr-20071221/bin/../lib/gcc/avr/4.2.2/avr6\libgcc.a(_clear_bss.o)
                0x00000ce6                __do_clear_bss
 *(.init4)
 *(.init5)
 *(.init5)
 *(.init6)
 *(.init6)
 *(.init7)
 *(.init7)
 *(.init8)
 *(.init8)
 *(.init9)
 .init9         0x00000cf6        0x8 c:/winavr-20071221/bin/../lib/gcc/avr/4.2.2/../../../../avr/lib/avr6/crtm2560.o
 *(.init9)
 *(.text)
 .text          0x00000cfe        0x4 c:/winavr-20071221/bin/../lib/gcc/avr/4.2.2/../../../../avr/lib/avr6/crtm2560.o
                0x00000cfe                __vector_38
                0x00000cfe                __vector_22
                0x00000cfe                __vector_28
                0x00000cfe                __vector_1
                0x00000cfe                __vector_32
                0x00000cfe                __vector_34
                0x00000cfe                __vector_24
                0x00000cfe                __vector_12
                0x00000cfe                __vector_55
                0x00000cfe                __vector_46
                0x00000cfe                __bad_interrupt
                0x00000cfe                __vector_6
                0x00000cfe                __vector_31
                0x00000cfe                __vector_35
                0x00000cfe                __vector_39
                0x00000cfe                __vector_3
                0x00000cfe                __vector_23
                0x00000cfe                __vector_30
                0x00000cfe                __vector_45
                0x00000cfe                __vector_11
                0x00000cfe                __vector_54
                0x00000cfe                __vector_13
                0x00000cfe                __vector_17
                0x00000cfe                __vector_19
                0x00000cfe                __vector_56
                0x00000cfe                __vector_7
                0x00000cfe                __vector_49
                0x00000cfe                __vector_41
                0x00000cfe                __vector_43
                0x00000cfe                __vector_27
                0x00000cfe                __vector_5
                0x00000cfe                __vector_33
                0x00000cfe                __vector_47
                0x00000cfe                __vector_52
                0x00000cfe                __vector_37
                0x00000cfe                __vector_4
                0x00000cfe                __vector_44
                0x00000cfe                __vector_51
                0x00000cfe                __vector_9
                0x00000cfe                __vector_2
                0x00000cfe                __vector_15
                0x00000cfe                __vector_36
                0x00000cfe                __vector_29
                0x00000cfe                __vector_40
                0x00000cfe                __vector_8
                0x00000cfe                __vector_48
                0x00000cfe                __vector_14
                0x00000cfe                __vector_53
                0x00000cfe                __vector_10
                0x00000cfe                __vector_50
                0x00000cfe                __vector_16
                0x00000cfe                __vector_18
                0x00000cfe                __vector_20
                0x00000cfe                __vector_42
 .text          0x00000d02      0x170 P11.o
                0x00000d02                main
 .text          0x00000e72      0x41a UART.o
                0x00001114                UART0_puts_polling
                0x00001054                UDR0_EMPTY_INTERRUPT_ENABLE
                0x00000ff0                clrscr
                0x00001078                UDR0_EMPTY_INTERRUPT_DISABLE
                0x00000fce                setColor
                0x00000ffa                __vector_25
                0x00000f46                UART0_getData
                0x0000112e                UART0_gets_polling
                0x00000fb4                UART0_puts
                0x00000f56                UART0_getch
                0x00001084                gotoxy
                0x00000e72                UART_Ini
                0x000011b6                __vector_26
                0x00000f36                UART0_sendData
                0x00000f7c                UART0_putchar
                0x00001060                UART0_Available
                0x0000120c                UART0_gets
 .text          0x0000128c       0xe8 Utility.o
                0x000012c6                invertir
                0x00001300                itoa
                0x0000128c                atoi
 .text          0x00001374        0x6 song.o
                0x00001374                getPlayList
 .text          0x0000137a      0x336 Timer.o
                0x000013a8                Timer0_Ini
                0x00001678                Timer2_PlayFromKey
                0x000013ca                Start_Record
                0x000013c4                ClrHold
                0x00001610                StopTimer
                0x000013d8                Timer2_Freq_Gen
                0x000013bc                SetHold
                0x0000137a                TICKS
                0x00001514                Timer2_Play
                0x0000161a                Timer2_Volume
                0x000013d2                Stop_Record
                0x000015e0                Timer1_Play
                0x0000153a                Timer1_Freq_Gen
                0x0000149a                __vector_21
 .text          0x000016b0        0x0 c:/winavr-20071221/bin/../lib/gcc/avr/4.2.2/avr6\libgcc.a(_udivmodhi4.o)
 .text          0x000016b0        0x0 c:/winavr-20071221/bin/../lib/gcc/avr/4.2.2/avr6\libgcc.a(_divmodhi4.o)
 .text          0x000016b0        0x0 c:/winavr-20071221/bin/../lib/gcc/avr/4.2.2/avr6\libgcc.a(_exit.o)
 .text          0x000016b0        0x0 c:/winavr-20071221/bin/../lib/gcc/avr/4.2.2/avr6\libgcc.a(_clear_bss.o)
 .text          0x000016b0       0x4c c:/winavr-20071221/bin/../lib/gcc/avr/4.2.2/avr6\libgcc.a(_fixunssfsi.o)
                0x000016b0                __fixunssfsi
 .text          0x000016fc      0x348 c:/winavr-20071221/bin/../lib/gcc/avr/4.2.2/avr6\libgcc.a(_addsub_sf.o)
                0x00001988                __subsf3
                0x000019ea                __addsf3
 .text          0x00001a44      0x1fe c:/winavr-20071221/bin/../lib/gcc/avr/4.2.2/avr6\libgcc.a(_mul_sf.o)
                0x00001a44                __mulsf3
 .text          0x00001c42      0x16a c:/winavr-20071221/bin/../lib/gcc/avr/4.2.2/avr6\libgcc.a(_div_sf.o)
                0x00001c42                __divsf3
 .text          0x00001dac       0x6c c:/winavr-20071221/bin/../lib/gcc/avr/4.2.2/avr6\libgcc.a(_ge_sf.o)
                0x00001dac                __gesf2
 .text          0x00001e18       0xa6 c:/winavr-20071221/bin/../lib/gcc/avr/4.2.2/avr6\libgcc.a(_sf_to_si.o)
                0x00001e18                __fixsfsi
 .text          0x00001ebe        0x0 c:/winavr-20071221/bin/../lib/gcc/avr/4.2.2/avr6\libgcc.a(_thenan_sf.o)
 .text          0x00001ebe       0xe6 c:/winavr-20071221/bin/../lib/gcc/avr/4.2.2/avr6\libgcc.a(_usi_to_sf.o)
                0x00001ebe                __floatunsisf
 .text          0x00001fa4        0x0 c:/winavr-20071221/bin/../lib/gcc/avr/4.2.2/avr6\libgcc.a(_prologue.o)
 .text          0x00001fa4        0x0 c:/winavr-20071221/bin/../lib/gcc/avr/4.2.2/avr6\libgcc.a(_epilogue.o)
 .text          0x00001fa4       0x9a c:/winavr-20071221/bin/../lib/gcc/avr/4.2.2/avr6\libgcc.a(_clzsi2.o)
                0x00001fa4                __clzsi2
 .text          0x0000203e      0x1c0 c:/winavr-20071221/bin/../lib/gcc/avr/4.2.2/avr6\libgcc.a(_pack_sf.o)
                0x0000203e                __pack_f
 .text          0x000021fe       0xe0 c:/winavr-20071221/bin/../lib/gcc/avr/4.2.2/avr6\libgcc.a(_unpack_sf.o)
                0x000021fe                __unpack_f
 .text          0x000022de       0xac c:/winavr-20071221/bin/../lib/gcc/avr/4.2.2/avr6\libgcc.a(_fpcmp_parts_sf.o)
                0x000022de                __fpcmp_parts_f
 .text          0x0000238a        0x0 c:/winavr-20071221/bin/../lib/gcc/avr/4.2.2/avr6\libgcc.a(_clz.o)
                0x0000238a                . = ALIGN (0x2)
 *(.text.*)
 .text.libgcc   0x0000238a       0x28 c:/winavr-20071221/bin/../lib/gcc/avr/4.2.2/avr6\libgcc.a(_udivmodhi4.o)
                0x0000238a                __udivmodhi4
 .text.libgcc   0x000023b2       0x26 c:/winavr-20071221/bin/../lib/gcc/avr/4.2.2/avr6\libgcc.a(_divmodhi4.o)
                0x000023b2                __divmodhi4
                0x000023b2                _div
 .text.libgcc   0x000023d8        0x0 c:/winavr-20071221/bin/../lib/gcc/avr/4.2.2/avr6\libgcc.a(_exit.o)
 .text.libgcc   0x000023d8        0x0 c:/winavr-20071221/bin/../lib/gcc/avr/4.2.2/avr6\libgcc.a(_clear_bss.o)
 .text.libgcc   0x000023d8       0x38 c:/winavr-20071221/bin/../lib/gcc/avr/4.2.2/avr6\libgcc.a(_prologue.o)
                0x000023d8                __prologue_saves__
 .text.libgcc   0x00002410       0x36 c:/winavr-20071221/bin/../lib/gcc/avr/4.2.2/avr6\libgcc.a(_epilogue.o)
                0x00002410                __epilogue_restores__
                0x00002446                . = ALIGN (0x2)
 *(.fini9)
 .fini9         0x00002446        0x0 c:/winavr-20071221/bin/../lib/gcc/avr/4.2.2/avr6\libgcc.a(_exit.o)
                0x00002446                exit
                0x00002446                _exit
 *(.fini9)
 *(.fini8)
 *(.fini8)
 *(.fini7)
 *(.fini7)
 *(.fini6)
 *(.fini6)
 *(.fini5)
 *(.fini5)
 *(.fini4)
 *(.fini4)
 *(.fini3)
 *(.fini3)
 *(.fini2)
 *(.fini2)
 *(.fini1)
 *(.fini1)
 *(.fini0)
 .fini0         0x00002446        0x2 c:/winavr-20071221/bin/../lib/gcc/avr/4.2.2/avr6\libgcc.a(_exit.o)
 *(.fini0)
                0x00002448                _etext = .

.data           0x00800200      0x192 load address 0x00002448
                0x00800200                PROVIDE (__data_start, .)
 *(.data)
 .data          0x00800200        0x0 c:/winavr-20071221/bin/../lib/gcc/avr/4.2.2/../../../../avr/lib/avr6/crtm2560.o
 .data          0x00800200       0x60 P11.o
 .data          0x00800260       0x14 UART.o
 .data          0x00800274        0x0 Utility.o
 .data          0x00800274        0xa song.o
                0x00800274                PlayList
 .data          0x0080027e        0xb Timer.o
 .data          0x00800289        0x0 c:/winavr-20071221/bin/../lib/gcc/avr/4.2.2/avr6\libgcc.a(_udivmodhi4.o)
 .data          0x00800289        0x0 c:/winavr-20071221/bin/../lib/gcc/avr/4.2.2/avr6\libgcc.a(_divmodhi4.o)
 .data          0x00800289        0x0 c:/winavr-20071221/bin/../lib/gcc/avr/4.2.2/avr6\libgcc.a(_exit.o)
 .data          0x00800289        0x0 c:/winavr-20071221/bin/../lib/gcc/avr/4.2.2/avr6\libgcc.a(_clear_bss.o)
 .data          0x00800289        0x0 c:/winavr-20071221/bin/../lib/gcc/avr/4.2.2/avr6\libgcc.a(_fixunssfsi.o)
 .data          0x00800289        0x0 c:/winavr-20071221/bin/../lib/gcc/avr/4.2.2/avr6\libgcc.a(_addsub_sf.o)
 .data          0x00800289        0x0 c:/winavr-20071221/bin/../lib/gcc/avr/4.2.2/avr6\libgcc.a(_mul_sf.o)
 .data          0x00800289        0x0 c:/winavr-20071221/bin/../lib/gcc/avr/4.2.2/avr6\libgcc.a(_div_sf.o)
 .data          0x00800289        0x0 c:/winavr-20071221/bin/../lib/gcc/avr/4.2.2/avr6\libgcc.a(_ge_sf.o)
 .data          0x00800289        0x0 c:/winavr-20071221/bin/../lib/gcc/avr/4.2.2/avr6\libgcc.a(_sf_to_si.o)
 .data          0x00800289        0x8 c:/winavr-20071221/bin/../lib/gcc/avr/4.2.2/avr6\libgcc.a(_thenan_sf.o)
                0x00800289                __thenan_sf
 .data          0x00800291        0x0 c:/winavr-20071221/bin/../lib/gcc/avr/4.2.2/avr6\libgcc.a(_usi_to_sf.o)
 .data          0x00800291        0x0 c:/winavr-20071221/bin/../lib/gcc/avr/4.2.2/avr6\libgcc.a(_prologue.o)
 .data          0x00800291        0x0 c:/winavr-20071221/bin/../lib/gcc/avr/4.2.2/avr6\libgcc.a(_epilogue.o)
 .data          0x00800291        0x0 c:/winavr-20071221/bin/../lib/gcc/avr/4.2.2/avr6\libgcc.a(_clzsi2.o)
 .data          0x00800291        0x0 c:/winavr-20071221/bin/../lib/gcc/avr/4.2.2/avr6\libgcc.a(_pack_sf.o)
 .data          0x00800291        0x0 c:/winavr-20071221/bin/../lib/gcc/avr/4.2.2/avr6\libgcc.a(_unpack_sf.o)
 .data          0x00800291        0x0 c:/winavr-20071221/bin/../lib/gcc/avr/4.2.2/avr6\libgcc.a(_fpcmp_parts_sf.o)
 .data          0x00800291      0x100 c:/winavr-20071221/bin/../lib/gcc/avr/4.2.2/avr6\libgcc.a(_clz.o)
                0x00800291                __clz_tab
 *(.data*)
 *(.rodata)
 *(.rodata*)
 *(.gnu.linkonce.d*)
                0x00800392                . = ALIGN (0x2)
 *fill*         0x00800391        0x1 00
                0x00800392                _edata = .
                0x00800392                PROVIDE (__data_end, .)

.bss            0x00800392      0x233 load address 0x000025da
                0x00800392                PROVIDE (__bss_start, .)
 *(.bss)
 .bss           0x00800392        0x0 c:/winavr-20071221/bin/../lib/gcc/avr/4.2.2/../../../../avr/lib/avr6/crtm2560.o
 .bss           0x00800392        0x6 P11.o
 .bss           0x00800398      0x204 UART.o
 .bss           0x0080059c        0x0 Utility.o
 .bss           0x0080059c        0x0 song.o
 .bss           0x0080059c       0x29 Timer.o
 .bss           0x008005c5        0x0 c:/winavr-20071221/bin/../lib/gcc/avr/4.2.2/avr6\libgcc.a(_udivmodhi4.o)
 .bss           0x008005c5        0x0 c:/winavr-20071221/bin/../lib/gcc/avr/4.2.2/avr6\libgcc.a(_divmodhi4.o)
 .bss           0x008005c5        0x0 c:/winavr-20071221/bin/../lib/gcc/avr/4.2.2/avr6\libgcc.a(_exit.o)
 .bss           0x008005c5        0x0 c:/winavr-20071221/bin/../lib/gcc/avr/4.2.2/avr6\libgcc.a(_clear_bss.o)
 .bss           0x008005c5        0x0 c:/winavr-20071221/bin/../lib/gcc/avr/4.2.2/avr6\libgcc.a(_fixunssfsi.o)
 .bss           0x008005c5        0x0 c:/winavr-20071221/bin/../lib/gcc/avr/4.2.2/avr6\libgcc.a(_addsub_sf.o)
 .bss           0x008005c5        0x0 c:/winavr-20071221/bin/../lib/gcc/avr/4.2.2/avr6\libgcc.a(_mul_sf.o)
 .bss           0x008005c5        0x0 c:/winavr-20071221/bin/../lib/gcc/avr/4.2.2/avr6\libgcc.a(_div_sf.o)
 .bss           0x008005c5        0x0 c:/winavr-20071221/bin/../lib/gcc/avr/4.2.2/avr6\libgcc.a(_ge_sf.o)
 .bss           0x008005c5        0x0 c:/winavr-20071221/bin/../lib/gcc/avr/4.2.2/avr6\libgcc.a(_sf_to_si.o)
 .bss           0x008005c5        0x0 c:/winavr-20071221/bin/../lib/gcc/avr/4.2.2/avr6\libgcc.a(_thenan_sf.o)
 .bss           0x008005c5        0x0 c:/winavr-20071221/bin/../lib/gcc/avr/4.2.2/avr6\libgcc.a(_usi_to_sf.o)
 .bss           0x008005c5        0x0 c:/winavr-20071221/bin/../lib/gcc/avr/4.2.2/avr6\libgcc.a(_prologue.o)
 .bss           0x008005c5        0x0 c:/winavr-20071221/bin/../lib/gcc/avr/4.2.2/avr6\libgcc.a(_epilogue.o)
 .bss           0x008005c5        0x0 c:/winavr-20071221/bin/../lib/gcc/avr/4.2.2/avr6\libgcc.a(_clzsi2.o)
 .bss           0x008005c5        0x0 c:/winavr-20071221/bin/../lib/gcc/avr/4.2.2/avr6\libgcc.a(_pack_sf.o)
 .bss           0x008005c5        0x0 c:/winavr-20071221/bin/../lib/gcc/avr/4.2.2/avr6\libgcc.a(_unpack_sf.o)
 .bss           0x008005c5        0x0 c:/winavr-20071221/bin/../lib/gcc/avr/4.2.2/avr6\libgcc.a(_fpcmp_parts_sf.o)
 .bss           0x008005c5        0x0 c:/winavr-20071221/bin/../lib/gcc/avr/4.2.2/avr6\libgcc.a(_clz.o)
 *(.bss*)
 *(COMMON)
                0x008005c5                PROVIDE (__bss_end, .)
                0x00002448                __data_load_start = LOADADDR (.data)
                0x000025da                __data_load_end = (__data_load_start + SIZEOF (.data))

.noinit         0x008005c5        0x0
                0x008005c5                PROVIDE (__noinit_start, .)
 *(.noinit*)
                0x008005c5                PROVIDE (__noinit_end, .)
                0x008005c5                _end = .
                0x008005c5                PROVIDE (__heap_start, .)

.eeprom         0x00810000        0x0
 *(.eeprom*)
                0x00810000                __eeprom_end = .

.fuse
 *(.fuse)
 *(.lfuse)
 *(.hfuse)
 *(.efuse)

.lock
 *(.lock*)

.signature
 *(.signature*)

.stab           0x00000000      0x42c
 *(.stab)
 .stab          0x00000000      0x42c c:/winavr-20071221/bin/../lib/gcc/avr/4.2.2/../../../../avr/lib/avr6/crtm2560.o

.stabstr        0x00000000       0x5f
 *(.stabstr)
 .stabstr       0x00000000       0x5f c:/winavr-20071221/bin/../lib/gcc/avr/4.2.2/../../../../avr/lib/avr6/crtm2560.o

.stab.excl
 *(.stab.excl)

.stab.exclstr
 *(.stab.exclstr)

.stab.index
 *(.stab.index)

.stab.indexstr
 *(.stab.indexstr)

.comment
 *(.comment)

.debug
 *(.debug)

.line
 *(.line)

.debug_srcinfo
 *(.debug_srcinfo)

.debug_sfnames
 *(.debug_sfnames)

.debug_aranges  0x00000000       0xa0
 *(.debug_aranges)
 .debug_aranges
                0x00000000       0x20 P11.o
 .debug_aranges
                0x00000020       0x20 UART.o
 .debug_aranges
                0x00000040       0x20 Utility.o
 .debug_aranges
                0x00000060       0x20 song.o
 .debug_aranges
                0x00000080       0x20 Timer.o

.debug_pubnames
                0x00000000      0x30a
 *(.debug_pubnames)
 .debug_pubnames
                0x00000000       0x1b P11.o
 .debug_pubnames
                0x0000001b      0x14a UART.o
 .debug_pubnames
                0x00000165       0x31 Utility.o
 .debug_pubnames
                0x00000196       0x81 song.o
 .debug_pubnames
                0x00000217       0xf3 Timer.o

.debug_info     0x00000000      0xdb5
 *(.debug_info)
 .debug_info    0x00000000      0x132 P11.o
 .debug_info    0x00000132      0x4ce UART.o
 .debug_info    0x00000600      0x193 Utility.o
 .debug_info    0x00000793      0x1ba song.o
 .debug_info    0x0000094d      0x468 Timer.o
 *(.gnu.linkonce.wi.*)

.debug_abbrev   0x00000000      0x5db
 *(.debug_abbrev)
 .debug_abbrev  0x00000000       0xc2 P11.o
 .debug_abbrev  0x000000c2      0x207 UART.o
 .debug_abbrev  0x000002c9       0xda Utility.o
 .debug_abbrev  0x000003a3       0xc2 song.o
 .debug_abbrev  0x00000465      0x176 Timer.o

.debug_line     0x00000000      0xb17
 *(.debug_line)
 .debug_line    0x00000000      0x1cd P11.o
 .debug_line    0x000001cd      0x415 UART.o
 .debug_line    0x000005e2      0x145 Utility.o
 .debug_line    0x00000727       0xd1 song.o
 .debug_line    0x000007f8      0x31f Timer.o

.debug_frame    0x00000000      0x290
 *(.debug_frame)
 .debug_frame   0x00000000       0x20 P11.o
 .debug_frame   0x00000020      0x120 UART.o
 .debug_frame   0x00000140       0x40 Utility.o
 .debug_frame   0x00000180       0x20 song.o
 .debug_frame   0x000001a0       0xf0 Timer.o

.debug_str      0x00000000      0x411
 *(.debug_str)
 .debug_str     0x00000000       0xbf P11.o
                                0x106 (size before relaxing)
 .debug_str     0x000000bf      0x172 UART.o
                                0x22f (size before relaxing)
 .debug_str     0x00000231       0x2c Utility.o
                                 0xf2 (size before relaxing)
 .debug_str     0x0000025d       0x54 song.o
                                0x135 (size before relaxing)
 .debug_str     0x000002b1      0x160 Timer.o
                                0x24c (size before relaxing)

.debug_loc      0x00000000      0x4a6
 *(.debug_loc)
 .debug_loc     0x00000000      0x1f0 UART.o
 .debug_loc     0x000001f0      0x14e Utility.o
 .debug_loc     0x0000033e      0x168 Timer.o

.debug_macinfo
 *(.debug_macinfo)
OUTPUT(P11.elf elf32-avr)
LOAD linker stubs

.debug_ranges   0x00000000       0x18
 .debug_ranges  0x00000000       0x18 UART.o
