Archive member included because of file (symbol)

c:/winavr-20071221/bin/../lib/gcc/avr/4.2.2/avr6\libgcc.a(_udivmodhi4.o)
                              Utility.o (__udivmodhi4)
c:/winavr-20071221/bin/../lib/gcc/avr/4.2.2/avr6\libgcc.a(_divmodhi4.o)
                              Timer.o (__divmodhi4)
c:/winavr-20071221/bin/../lib/gcc/avr/4.2.2/avr6\libgcc.a(_exit.o)
                              c:/winavr-20071221/bin/../lib/gcc/avr/4.2.2/../../../../avr/lib/avr6/crtm2560.o (exit)
c:/winavr-20071221/bin/../lib/gcc/avr/4.2.2/avr6\libgcc.a(_clear_bss.o)
                              P11.o (__do_clear_bss)
c:/winavr-20071221/bin/../lib/gcc/avr/4.2.2/avr6\libgcc.a(_fixunssfsi.o)
                              UART.o (__fixunssfsi)
c:/winavr-20071221/bin/../lib/gcc/avr/4.2.2/avr6\libgcc.a(_addsub_sf.o)
                              UART.o (__subsf3)
c:/winavr-20071221/bin/../lib/gcc/avr/4.2.2/avr6\libgcc.a(_mul_sf.o)
                              UART.o (__mulsf3)
c:/winavr-20071221/bin/../lib/gcc/avr/4.2.2/avr6\libgcc.a(_div_sf.o)
                              UART.o (__divsf3)
c:/winavr-20071221/bin/../lib/gcc/avr/4.2.2/avr6\libgcc.a(_ge_sf.o)
                              c:/winavr-20071221/bin/../lib/gcc/avr/4.2.2/avr6\libgcc.a(_fixunssfsi.o) (__gesf2)
c:/winavr-20071221/bin/../lib/gcc/avr/4.2.2/avr6\libgcc.a(_si_to_sf.o)
                              Timer.o (__floatsisf)
c:/winavr-20071221/bin/../lib/gcc/avr/4.2.2/avr6\libgcc.a(_sf_to_si.o)
                              Timer.o (__fixsfsi)
c:/winavr-20071221/bin/../lib/gcc/avr/4.2.2/avr6\libgcc.a(_thenan_sf.o)
                              c:/winavr-20071221/bin/../lib/gcc/avr/4.2.2/avr6\libgcc.a(_addsub_sf.o) (__thenan_sf)
c:/winavr-20071221/bin/../lib/gcc/avr/4.2.2/avr6\libgcc.a(_usi_to_sf.o)
                              UART.o (__floatunsisf)
c:/winavr-20071221/bin/../lib/gcc/avr/4.2.2/avr6\libgcc.a(_prologue.o)
                              c:/winavr-20071221/bin/../lib/gcc/avr/4.2.2/avr6\libgcc.a(_addsub_sf.o) (__prologue_saves__)
c:/winavr-20071221/bin/../lib/gcc/avr/4.2.2/avr6\libgcc.a(_epilogue.o)
                              c:/winavr-20071221/bin/../lib/gcc/avr/4.2.2/avr6\libgcc.a(_addsub_sf.o) (__epilogue_restores__)
c:/winavr-20071221/bin/../lib/gcc/avr/4.2.2/avr6\libgcc.a(_clzsi2.o)
                              c:/winavr-20071221/bin/../lib/gcc/avr/4.2.2/avr6\libgcc.a(_si_to_sf.o) (__clzsi2)
c:/winavr-20071221/bin/../lib/gcc/avr/4.2.2/avr6\libgcc.a(_pack_sf.o)
                              c:/winavr-20071221/bin/../lib/gcc/avr/4.2.2/avr6\libgcc.a(_addsub_sf.o) (__pack_f)
c:/winavr-20071221/bin/../lib/gcc/avr/4.2.2/avr6\libgcc.a(_unpack_sf.o)
                              c:/winavr-20071221/bin/../lib/gcc/avr/4.2.2/avr6\libgcc.a(_addsub_sf.o) (__unpack_f)
c:/winavr-20071221/bin/../lib/gcc/avr/4.2.2/avr6\libgcc.a(_fpcmp_parts_sf.o)
                              c:/winavr-20071221/bin/../lib/gcc/avr/4.2.2/avr6\libgcc.a(_ge_sf.o) (__fpcmp_parts_f)
c:/winavr-20071221/bin/../lib/gcc/avr/4.2.2/avr6\libgcc.a(_clz.o)
                              c:/winavr-20071221/bin/../lib/gcc/avr/4.2.2/avr6\libgcc.a(_clzsi2.o) (__clz_tab)
c:/winavr-20071221/bin/../lib/gcc/avr/4.2.2/../../../../avr/lib/avr6\libc.a(log.o)
                              Timer.o (log)
c:/winavr-20071221/bin/../lib/gcc/avr/4.2.2/../../../../avr/lib/avr6\libc.a(mulsf3x.o)
                              c:/winavr-20071221/bin/../lib/gcc/avr/4.2.2/../../../../avr/lib/avr6\libc.a(log.o) (__mulsf3x)
c:/winavr-20071221/bin/../lib/gcc/avr/4.2.2/../../../../avr/lib/avr6\libc.a(addsf3x.o)
                              c:/winavr-20071221/bin/../lib/gcc/avr/4.2.2/../../../../avr/lib/avr6\libc.a(log.o) (__addsf3x)
c:/winavr-20071221/bin/../lib/gcc/avr/4.2.2/../../../../avr/lib/avr6\libc.a(fp_inf.o)
                              c:/winavr-20071221/bin/../lib/gcc/avr/4.2.2/../../../../avr/lib/avr6\libc.a(log.o) (__fp_inf)
c:/winavr-20071221/bin/../lib/gcc/avr/4.2.2/../../../../avr/lib/avr6\libc.a(fp_mpack.o)
                              c:/winavr-20071221/bin/../lib/gcc/avr/4.2.2/../../../../avr/lib/avr6\libc.a(log.o) (__fp_mpack)
c:/winavr-20071221/bin/../lib/gcc/avr/4.2.2/../../../../avr/lib/avr6\libc.a(fp_nan.o)
                              c:/winavr-20071221/bin/../lib/gcc/avr/4.2.2/../../../../avr/lib/avr6\libc.a(log.o) (__fp_nan)
c:/winavr-20071221/bin/../lib/gcc/avr/4.2.2/../../../../avr/lib/avr6\libc.a(fp_powser.o)
                              c:/winavr-20071221/bin/../lib/gcc/avr/4.2.2/../../../../avr/lib/avr6\libc.a(log.o) (__fp_powser)
c:/winavr-20071221/bin/../lib/gcc/avr/4.2.2/../../../../avr/lib/avr6\libc.a(fp_pscA.o)
                              c:/winavr-20071221/bin/../lib/gcc/avr/4.2.2/../../../../avr/lib/avr6\libc.a(mulsf3x.o) (__fp_pscA)
c:/winavr-20071221/bin/../lib/gcc/avr/4.2.2/../../../../avr/lib/avr6\libc.a(fp_pscB.o)
                              c:/winavr-20071221/bin/../lib/gcc/avr/4.2.2/../../../../avr/lib/avr6\libc.a(mulsf3x.o) (__fp_pscB)
c:/winavr-20071221/bin/../lib/gcc/avr/4.2.2/../../../../avr/lib/avr6\libc.a(fp_round.o)
                              c:/winavr-20071221/bin/../lib/gcc/avr/4.2.2/../../../../avr/lib/avr6\libc.a(log.o) (__fp_round)
c:/winavr-20071221/bin/../lib/gcc/avr/4.2.2/../../../../avr/lib/avr6\libc.a(fp_split3.o)
                              c:/winavr-20071221/bin/../lib/gcc/avr/4.2.2/../../../../avr/lib/avr6\libc.a(mulsf3x.o) (__fp_split3)
c:/winavr-20071221/bin/../lib/gcc/avr/4.2.2/../../../../avr/lib/avr6\libc.a(fp_zero.o)
                              c:/winavr-20071221/bin/../lib/gcc/avr/4.2.2/../../../../avr/lib/avr6\libc.a(addsf3x.o) (__fp_zero)

Allocating common symbols
Common symbol       size              file

str                 0x14              P11.o

Memory Configuration

Name             Origin             Length             Attributes
text             0x00000000         0x00100000         xr
data             0x00800060         0x0000ffa0         rw !x
eeprom           0x00810000         0x00010000         rw !x
fuse             0x00820000         0x00000400         rw !x
lock             0x00830000         0x00000400         rw !x
signature        0x00840000         0x00000400         rw !x
*default*        0x00000000         0xffffffff

Linker script and memory map

Address of section .data set to 0x800200
LOAD c:/winavr-20071221/bin/../lib/gcc/avr/4.2.2/../../../../avr/lib/avr6/crtm2560.o
LOAD P11.o
LOAD UART.o
LOAD Utility.o
LOAD song.o
LOAD Timer.o
LOAD c:/winavr-20071221/bin/../lib/gcc/avr/4.2.2/avr6\libgcc.a
LOAD c:/winavr-20071221/bin/../lib/gcc/avr/4.2.2/../../../../avr/lib/avr6\libc.a
LOAD c:/winavr-20071221/bin/../lib/gcc/avr/4.2.2/avr6\libgcc.a

.hash
 *(.hash)

.dynsym
 *(.dynsym)

.dynstr
 *(.dynstr)

.gnu.version
 *(.gnu.version)

.gnu.version_d
 *(.gnu.version_d)

.gnu.version_r
 *(.gnu.version_r)

.rel.init
 *(.rel.init)

.rela.init
 *(.rela.init)

.rel.text
 *(.rel.text)
 *(.rel.text.*)
 *(.rel.gnu.linkonce.t*)

.rela.text
 *(.rela.text)
 *(.rela.text.*)
 *(.rela.gnu.linkonce.t*)

.rel.fini
 *(.rel.fini)

.rela.fini
 *(.rela.fini)

.rel.rodata
 *(.rel.rodata)
 *(.rel.rodata.*)
 *(.rel.gnu.linkonce.r*)

.rela.rodata
 *(.rela.rodata)
 *(.rela.rodata.*)
 *(.rela.gnu.linkonce.r*)

.rel.data
 *(.rel.data)
 *(.rel.data.*)
 *(.rel.gnu.linkonce.d*)

.rela.data
 *(.rela.data)
 *(.rela.data.*)
 *(.rela.gnu.linkonce.d*)

.rel.ctors
 *(.rel.ctors)

.rela.ctors
 *(.rela.ctors)

.rel.dtors
 *(.rel.dtors)

.rela.dtors
 *(.rela.dtors)

.rel.got
 *(.rel.got)

.rela.got
 *(.rela.got)

.rel.bss
 *(.rel.bss)

.rela.bss
 *(.rela.bss)

.rel.plt
 *(.rel.plt)

.rela.plt
 *(.rela.plt)

.text           0x00000000     0x2c1a
 *(.vectors)
 .vectors       0x00000000       0xe4 c:/winavr-20071221/bin/../lib/gcc/avr/4.2.2/../../../../avr/lib/avr6/crtm2560.o
                0x00000000                __vectors
                0x00000000                __vector_default
 *(.vectors)
 *(.progmem.gcc*)
 .progmem.gcc_fplib
                0x000000e4       0x5a c:/winavr-20071221/bin/../lib/gcc/avr/4.2.2/../../../../avr/lib/avr6\libc.a(log.o)
 *(.progmem*)
 .progmem.data  0x0000013e      0xa40 song.o
                0x000007aa                Ken_Melody
                0x0000025a                AngelesAzules
                0x000003c6                Ken_CMelody
                0x0000013e                ImperialMarch
                0x00000b7e                . = ALIGN (0x2)
                0x00000b7e                __trampolines_start = .
 *(.trampolines)
 .trampolines   0x00000b7e        0x0 linker stubs
 *(.trampolines*)
                0x00000b7e                __trampolines_end = .
 *(.jumptables)
 *(.jumptables*)
 *(.lowtext)
 *(.lowtext*)
                0x00000b7e                __ctors_start = .
 *(.ctors)
                0x00000b7e                __ctors_end = .
                0x00000b7e                __dtors_start = .
 *(.dtors)
                0x00000b7e                __dtors_end = .
 SORT(*)(.ctors)
 SORT(*)(.dtors)
 *(.init0)
 .init0         0x00000b7e        0x0 c:/winavr-20071221/bin/../lib/gcc/avr/4.2.2/../../../../avr/lib/avr6/crtm2560.o
                0x00000b7e                __init
 *(.init0)
 *(.init1)
 *(.init1)
 *(.init2)
 .init2         0x00000b7e       0x10 c:/winavr-20071221/bin/../lib/gcc/avr/4.2.2/../../../../avr/lib/avr6/crtm2560.o
 *(.init2)
 *(.init3)
 *(.init3)
 *(.init4)
 .init4         0x00000b8e       0x1a c:/winavr-20071221/bin/../lib/gcc/avr/4.2.2/../../../../avr/lib/avr6/crtm2560.o
                0x00000b8e                __do_copy_data
 .init4         0x00000ba8       0x10 c:/winavr-20071221/bin/../lib/gcc/avr/4.2.2/avr6\libgcc.a(_clear_bss.o)
                0x00000ba8                __do_clear_bss
 *(.init4)
 *(.init5)
 *(.init5)
 *(.init6)
 *(.init6)
 *(.init7)
 *(.init7)
 *(.init8)
 *(.init8)
 *(.init9)
 .init9         0x00000bb8        0x8 c:/winavr-20071221/bin/../lib/gcc/avr/4.2.2/../../../../avr/lib/avr6/crtm2560.o
 *(.init9)
 *(.text)
 .text          0x00000bc0        0x4 c:/winavr-20071221/bin/../lib/gcc/avr/4.2.2/../../../../avr/lib/avr6/crtm2560.o
                0x00000bc0                __vector_38
                0x00000bc0                __vector_22
                0x00000bc0                __vector_28
                0x00000bc0                __vector_1
                0x00000bc0                __vector_32
                0x00000bc0                __vector_34
                0x00000bc0                __vector_24
                0x00000bc0                __vector_12
                0x00000bc0                __vector_55
                0x00000bc0                __vector_46
                0x00000bc0                __bad_interrupt
                0x00000bc0                __vector_6
                0x00000bc0                __vector_31
                0x00000bc0                __vector_35
                0x00000bc0                __vector_39
                0x00000bc0                __vector_3
                0x00000bc0                __vector_23
                0x00000bc0                __vector_30
                0x00000bc0                __vector_45
                0x00000bc0                __vector_11
                0x00000bc0                __vector_54
                0x00000bc0                __vector_13
                0x00000bc0                __vector_17
                0x00000bc0                __vector_19
                0x00000bc0                __vector_56
                0x00000bc0                __vector_7
                0x00000bc0                __vector_49
                0x00000bc0                __vector_41
                0x00000bc0                __vector_43
                0x00000bc0                __vector_27
                0x00000bc0                __vector_5
                0x00000bc0                __vector_33
                0x00000bc0                __vector_47
                0x00000bc0                __vector_52
                0x00000bc0                __vector_37
                0x00000bc0                __vector_4
                0x00000bc0                __vector_44
                0x00000bc0                __vector_51
                0x00000bc0                __vector_9
                0x00000bc0                __vector_2
                0x00000bc0                __vector_15
                0x00000bc0                __vector_36
                0x00000bc0                __vector_29
                0x00000bc0                __vector_40
                0x00000bc0                __vector_8
                0x00000bc0                __vector_48
                0x00000bc0                __vector_14
                0x00000bc0                __vector_53
                0x00000bc0                __vector_10
                0x00000bc0                __vector_50
                0x00000bc0                __vector_16
                0x00000bc0                __vector_18
                0x00000bc0                __vector_20
                0x00000bc0                __vector_42
 .text          0x00000bc4      0x306 P11.o
                0x00000bc4                main
 .text          0x00000eca      0x3d2 UART.o
                0x00001162                UART0_puts_polling
                0x000010a2                UDR0_EMPTY_INTERRUPT_ENABLE
                0x0000103e                clrscr
                0x000010c6                UDR0_EMPTY_INTERRUPT_DISABLE
                0x0000101c                setColor
                0x00001048                __vector_25
                0x00000f94                UART0_getData
                0x00001174                UART0_gets_polling
                0x00001002                UART0_puts
                0x00000fa4                UART0_getch
                0x000010d2                gotoxy
                0x00000eca                UART_Ini
                0x000011c6                __vector_26
                0x00000f8e                UART0_sendData
                0x00000fca                UART0_putchar
                0x000010ae                UART0_Available
                0x0000121c                UART0_gets
 .text          0x0000129c       0xe8 Utility.o
                0x000012d6                invertir
                0x00001310                itoa
                0x0000129c                atoi
 .text          0x00001384        0x6 song.o
                0x00001384                getPlayList
 .text          0x0000138a      0x724 Timer.o
                0x000013b8                Timer0_Ini
                0x00001a60                Timer2_PlayFromKey
                0x000013e4                Start_Record
                0x000013d4                ClrHold
                0x000018b8                StopTimer
                0x0000145c                Timer2_Freq_Gen
                0x000013da                getHoldFlag
                0x000013cc                SetHold
                0x0000138a                TICKS
                0x000018ca                Timer2_Play
                0x00001906                Timer2_Volume
                0x000013fc                Stop_Record
                0x00001888                Timer1_Play
                0x000017d4                Timer1_Freq_Gen
                0x00001522                __vector_21
                0x000018c2                getPlayingSongFlag
 .text          0x00001aae        0x0 c:/winavr-20071221/bin/../lib/gcc/avr/4.2.2/avr6\libgcc.a(_udivmodhi4.o)
 .text          0x00001aae        0x0 c:/winavr-20071221/bin/../lib/gcc/avr/4.2.2/avr6\libgcc.a(_divmodhi4.o)
 .text          0x00001aae        0x0 c:/winavr-20071221/bin/../lib/gcc/avr/4.2.2/avr6\libgcc.a(_exit.o)
 .text          0x00001aae        0x0 c:/winavr-20071221/bin/../lib/gcc/avr/4.2.2/avr6\libgcc.a(_clear_bss.o)
 .text          0x00001aae       0x4c c:/winavr-20071221/bin/../lib/gcc/avr/4.2.2/avr6\libgcc.a(_fixunssfsi.o)
                0x00001aae                __fixunssfsi
 .text          0x00001afa      0x348 c:/winavr-20071221/bin/../lib/gcc/avr/4.2.2/avr6\libgcc.a(_addsub_sf.o)
                0x00001d86                __subsf3
                0x00001de8                __addsf3
 .text          0x00001e42      0x1fe c:/winavr-20071221/bin/../lib/gcc/avr/4.2.2/avr6\libgcc.a(_mul_sf.o)
                0x00001e42                __mulsf3
 .text          0x00002040      0x16a c:/winavr-20071221/bin/../lib/gcc/avr/4.2.2/avr6\libgcc.a(_div_sf.o)
                0x00002040                __divsf3
 .text          0x000021aa       0x6c c:/winavr-20071221/bin/../lib/gcc/avr/4.2.2/avr6\libgcc.a(_ge_sf.o)
                0x000021aa                __gesf2
 .text          0x00002216       0xbc c:/winavr-20071221/bin/../lib/gcc/avr/4.2.2/avr6\libgcc.a(_si_to_sf.o)
                0x00002216                __floatsisf
 .text          0x000022d2       0xa6 c:/winavr-20071221/bin/../lib/gcc/avr/4.2.2/avr6\libgcc.a(_sf_to_si.o)
                0x000022d2                __fixsfsi
 .text          0x00002378        0x0 c:/winavr-20071221/bin/../lib/gcc/avr/4.2.2/avr6\libgcc.a(_thenan_sf.o)
 .text          0x00002378       0xe6 c:/winavr-20071221/bin/../lib/gcc/avr/4.2.2/avr6\libgcc.a(_usi_to_sf.o)
                0x00002378                __floatunsisf
 .text          0x0000245e        0x0 c:/winavr-20071221/bin/../lib/gcc/avr/4.2.2/avr6\libgcc.a(_prologue.o)
 .text          0x0000245e        0x0 c:/winavr-20071221/bin/../lib/gcc/avr/4.2.2/avr6\libgcc.a(_epilogue.o)
 .text          0x0000245e       0x9a c:/winavr-20071221/bin/../lib/gcc/avr/4.2.2/avr6\libgcc.a(_clzsi2.o)
                0x0000245e                __clzsi2
 .text          0x000024f8      0x1c0 c:/winavr-20071221/bin/../lib/gcc/avr/4.2.2/avr6\libgcc.a(_pack_sf.o)
                0x000024f8                __pack_f
 .text          0x000026b8       0xe0 c:/winavr-20071221/bin/../lib/gcc/avr/4.2.2/avr6\libgcc.a(_unpack_sf.o)
                0x000026b8                __unpack_f
 .text          0x00002798       0xac c:/winavr-20071221/bin/../lib/gcc/avr/4.2.2/avr6\libgcc.a(_fpcmp_parts_sf.o)
                0x00002798                __fpcmp_parts_f
 .text          0x00002844        0x0 c:/winavr-20071221/bin/../lib/gcc/avr/4.2.2/avr6\libgcc.a(_clz.o)
 .text          0x00002844        0x0 c:/winavr-20071221/bin/../lib/gcc/avr/4.2.2/../../../../avr/lib/avr6\libc.a(log.o)
 .text          0x00002844        0x0 c:/winavr-20071221/bin/../lib/gcc/avr/4.2.2/../../../../avr/lib/avr6\libc.a(mulsf3x.o)
 .text          0x00002844        0x0 c:/winavr-20071221/bin/../lib/gcc/avr/4.2.2/../../../../avr/lib/avr6\libc.a(addsf3x.o)
 .text          0x00002844        0x0 c:/winavr-20071221/bin/../lib/gcc/avr/4.2.2/../../../../avr/lib/avr6\libc.a(fp_inf.o)
 .text          0x00002844        0x0 c:/winavr-20071221/bin/../lib/gcc/avr/4.2.2/../../../../avr/lib/avr6\libc.a(fp_mpack.o)
 .text          0x00002844        0x0 c:/winavr-20071221/bin/../lib/gcc/avr/4.2.2/../../../../avr/lib/avr6\libc.a(fp_nan.o)
 .text          0x00002844        0x0 c:/winavr-20071221/bin/../lib/gcc/avr/4.2.2/../../../../avr/lib/avr6\libc.a(fp_powser.o)
 .text          0x00002844        0x0 c:/winavr-20071221/bin/../lib/gcc/avr/4.2.2/../../../../avr/lib/avr6\libc.a(fp_pscA.o)
 .text          0x00002844        0x0 c:/winavr-20071221/bin/../lib/gcc/avr/4.2.2/../../../../avr/lib/avr6\libc.a(fp_pscB.o)
 .text          0x00002844        0x0 c:/winavr-20071221/bin/../lib/gcc/avr/4.2.2/../../../../avr/lib/avr6\libc.a(fp_round.o)
 .text          0x00002844        0x0 c:/winavr-20071221/bin/../lib/gcc/avr/4.2.2/../../../../avr/lib/avr6\libc.a(fp_split3.o)
 .text          0x00002844        0x0 c:/winavr-20071221/bin/../lib/gcc/avr/4.2.2/../../../../avr/lib/avr6\libc.a(fp_zero.o)
                0x00002844                . = ALIGN (0x2)
 *(.text.*)
 .text.libgcc   0x00002844       0x28 c:/winavr-20071221/bin/../lib/gcc/avr/4.2.2/avr6\libgcc.a(_udivmodhi4.o)
                0x00002844                __udivmodhi4
 .text.libgcc   0x0000286c       0x26 c:/winavr-20071221/bin/../lib/gcc/avr/4.2.2/avr6\libgcc.a(_divmodhi4.o)
                0x0000286c                __divmodhi4
                0x0000286c                _div
 .text.libgcc   0x00002892        0x0 c:/winavr-20071221/bin/../lib/gcc/avr/4.2.2/avr6\libgcc.a(_exit.o)
 .text.libgcc   0x00002892        0x0 c:/winavr-20071221/bin/../lib/gcc/avr/4.2.2/avr6\libgcc.a(_clear_bss.o)
 .text.libgcc   0x00002892       0x38 c:/winavr-20071221/bin/../lib/gcc/avr/4.2.2/avr6\libgcc.a(_prologue.o)
                0x00002892                __prologue_saves__
 .text.libgcc   0x000028ca       0x36 c:/winavr-20071221/bin/../lib/gcc/avr/4.2.2/avr6\libgcc.a(_epilogue.o)
                0x000028ca                __epilogue_restores__
 .text.fplib    0x00002900       0x8a c:/winavr-20071221/bin/../lib/gcc/avr/4.2.2/../../../../avr/lib/avr6\libc.a(log.o)
                0x0000290a                log
 .text.fplib    0x0000298a       0xc2 c:/winavr-20071221/bin/../lib/gcc/avr/4.2.2/../../../../avr/lib/avr6\libc.a(mulsf3x.o)
                0x000029a2                __mulsf3_pse
                0x0000299e                __mulsf3x
 .text.fplib    0x00002a4c       0xc0 c:/winavr-20071221/bin/../lib/gcc/avr/4.2.2/../../../../avr/lib/avr6\libc.a(addsf3x.o)
                0x00002a66                __addsf3x
 .text.fplib    0x00002b0c        0xc c:/winavr-20071221/bin/../lib/gcc/avr/4.2.2/../../../../avr/lib/avr6\libc.a(fp_inf.o)
                0x00002b0c                __fp_inf
 .text.fplib    0x00002b18       0x20 c:/winavr-20071221/bin/../lib/gcc/avr/4.2.2/../../../../avr/lib/avr6\libc.a(fp_mpack.o)
                0x00002b18                __fp_mpack
 .text.fplib    0x00002b38        0x6 c:/winavr-20071221/bin/../lib/gcc/avr/4.2.2/../../../../avr/lib/avr6\libc.a(fp_nan.o)
                0x00002b38                __fp_nan
 .text.fplib    0x00002b3e       0x4a c:/winavr-20071221/bin/../lib/gcc/avr/4.2.2/../../../../avr/lib/avr6\libc.a(fp_powser.o)
                0x00002b3e                __fp_powser
 .text.fplib    0x00002b88        0xe c:/winavr-20071221/bin/../lib/gcc/avr/4.2.2/../../../../avr/lib/avr6\libc.a(fp_pscA.o)
                0x00002b88                __fp_pscA
 .text.fplib    0x00002b96        0xe c:/winavr-20071221/bin/../lib/gcc/avr/4.2.2/../../../../avr/lib/avr6\libc.a(fp_pscB.o)
                0x00002b96                __fp_pscB
 .text.fplib    0x00002ba4       0x22 c:/winavr-20071221/bin/../lib/gcc/avr/4.2.2/../../../../avr/lib/avr6\libc.a(fp_round.o)
                0x00002ba4                __fp_round
 .text.fplib    0x00002bc6       0x44 c:/winavr-20071221/bin/../lib/gcc/avr/4.2.2/../../../../avr/lib/avr6\libc.a(fp_split3.o)
                0x00002bc6                __fp_split3
                0x00002bd6                __fp_splitA
 .text.fplib    0x00002c0a        0xe c:/winavr-20071221/bin/../lib/gcc/avr/4.2.2/../../../../avr/lib/avr6\libc.a(fp_zero.o)
                0x00002c0a                __fp_zero
                0x00002c0c                __fp_szero
                0x00002c18                . = ALIGN (0x2)
 *(.fini9)
 .fini9         0x00002c18        0x0 c:/winavr-20071221/bin/../lib/gcc/avr/4.2.2/avr6\libgcc.a(_exit.o)
                0x00002c18                exit
                0x00002c18                _exit
 *(.fini9)
 *(.fini8)
 *(.fini8)
 *(.fini7)
 *(.fini7)
 *(.fini6)
 *(.fini6)
 *(.fini5)
 *(.fini5)
 *(.fini4)
 *(.fini4)
 *(.fini3)
 *(.fini3)
 *(.fini2)
 *(.fini2)
 *(.fini1)
 *(.fini1)
 *(.fini0)
 .fini0         0x00002c18        0x2 c:/winavr-20071221/bin/../lib/gcc/avr/4.2.2/avr6\libgcc.a(_exit.o)
 *(.fini0)
                0x00002c1a                _etext = .

.data           0x00800200      0x1e2 load address 0x00002c1a
                0x00800200                PROVIDE (__data_start, .)
 *(.data)
 .data          0x00800200        0x0 c:/winavr-20071221/bin/../lib/gcc/avr/4.2.2/../../../../avr/lib/avr6/crtm2560.o
 .data          0x00800200       0xac P11.o
 .data          0x008002ac       0x14 UART.o
 .data          0x008002c0        0x0 Utility.o
 .data          0x008002c0        0x8 song.o
                0x008002c0                PlayList
 .data          0x008002c8       0x12 Timer.o
                0x008002d9                persent
                0x008002d7                x
 .data          0x008002da        0x0 c:/winavr-20071221/bin/../lib/gcc/avr/4.2.2/avr6\libgcc.a(_udivmodhi4.o)
 .data          0x008002da        0x0 c:/winavr-20071221/bin/../lib/gcc/avr/4.2.2/avr6\libgcc.a(_divmodhi4.o)
 .data          0x008002da        0x0 c:/winavr-20071221/bin/../lib/gcc/avr/4.2.2/avr6\libgcc.a(_exit.o)
 .data          0x008002da        0x0 c:/winavr-20071221/bin/../lib/gcc/avr/4.2.2/avr6\libgcc.a(_clear_bss.o)
 .data          0x008002da        0x0 c:/winavr-20071221/bin/../lib/gcc/avr/4.2.2/avr6\libgcc.a(_fixunssfsi.o)
 .data          0x008002da        0x0 c:/winavr-20071221/bin/../lib/gcc/avr/4.2.2/avr6\libgcc.a(_addsub_sf.o)
 .data          0x008002da        0x0 c:/winavr-20071221/bin/../lib/gcc/avr/4.2.2/avr6\libgcc.a(_mul_sf.o)
 .data          0x008002da        0x0 c:/winavr-20071221/bin/../lib/gcc/avr/4.2.2/avr6\libgcc.a(_div_sf.o)
 .data          0x008002da        0x0 c:/winavr-20071221/bin/../lib/gcc/avr/4.2.2/avr6\libgcc.a(_ge_sf.o)
 .data          0x008002da        0x0 c:/winavr-20071221/bin/../lib/gcc/avr/4.2.2/avr6\libgcc.a(_si_to_sf.o)
 .data          0x008002da        0x0 c:/winavr-20071221/bin/../lib/gcc/avr/4.2.2/avr6\libgcc.a(_sf_to_si.o)
 .data          0x008002da        0x8 c:/winavr-20071221/bin/../lib/gcc/avr/4.2.2/avr6\libgcc.a(_thenan_sf.o)
                0x008002da                __thenan_sf
 .data          0x008002e2        0x0 c:/winavr-20071221/bin/../lib/gcc/avr/4.2.2/avr6\libgcc.a(_usi_to_sf.o)
 .data          0x008002e2        0x0 c:/winavr-20071221/bin/../lib/gcc/avr/4.2.2/avr6\libgcc.a(_prologue.o)
 .data          0x008002e2        0x0 c:/winavr-20071221/bin/../lib/gcc/avr/4.2.2/avr6\libgcc.a(_epilogue.o)
 .data          0x008002e2        0x0 c:/winavr-20071221/bin/../lib/gcc/avr/4.2.2/avr6\libgcc.a(_clzsi2.o)
 .data          0x008002e2        0x0 c:/winavr-20071221/bin/../lib/gcc/avr/4.2.2/avr6\libgcc.a(_pack_sf.o)
 .data          0x008002e2        0x0 c:/winavr-20071221/bin/../lib/gcc/avr/4.2.2/avr6\libgcc.a(_unpack_sf.o)
 .data          0x008002e2        0x0 c:/winavr-20071221/bin/../lib/gcc/avr/4.2.2/avr6\libgcc.a(_fpcmp_parts_sf.o)
 .data          0x008002e2      0x100 c:/winavr-20071221/bin/../lib/gcc/avr/4.2.2/avr6\libgcc.a(_clz.o)
                0x008002e2                __clz_tab
 .data          0x008003e2        0x0 c:/winavr-20071221/bin/../lib/gcc/avr/4.2.2/../../../../avr/lib/avr6\libc.a(log.o)
 .data          0x008003e2        0x0 c:/winavr-20071221/bin/../lib/gcc/avr/4.2.2/../../../../avr/lib/avr6\libc.a(mulsf3x.o)
 .data          0x008003e2        0x0 c:/winavr-20071221/bin/../lib/gcc/avr/4.2.2/../../../../avr/lib/avr6\libc.a(addsf3x.o)
 .data          0x008003e2        0x0 c:/winavr-20071221/bin/../lib/gcc/avr/4.2.2/../../../../avr/lib/avr6\libc.a(fp_inf.o)
 .data          0x008003e2        0x0 c:/winavr-20071221/bin/../lib/gcc/avr/4.2.2/../../../../avr/lib/avr6\libc.a(fp_mpack.o)
 .data          0x008003e2        0x0 c:/winavr-20071221/bin/../lib/gcc/avr/4.2.2/../../../../avr/lib/avr6\libc.a(fp_nan.o)
 .data          0x008003e2        0x0 c:/winavr-20071221/bin/../lib/gcc/avr/4.2.2/../../../../avr/lib/avr6\libc.a(fp_powser.o)
 .data          0x008003e2        0x0 c:/winavr-20071221/bin/../lib/gcc/avr/4.2.2/../../../../avr/lib/avr6\libc.a(fp_pscA.o)
 .data          0x008003e2        0x0 c:/winavr-20071221/bin/../lib/gcc/avr/4.2.2/../../../../avr/lib/avr6\libc.a(fp_pscB.o)
 .data          0x008003e2        0x0 c:/winavr-20071221/bin/../lib/gcc/avr/4.2.2/../../../../avr/lib/avr6\libc.a(fp_round.o)
 .data          0x008003e2        0x0 c:/winavr-20071221/bin/../lib/gcc/avr/4.2.2/../../../../avr/lib/avr6\libc.a(fp_split3.o)
 .data          0x008003e2        0x0 c:/winavr-20071221/bin/../lib/gcc/avr/4.2.2/../../../../avr/lib/avr6\libc.a(fp_zero.o)
 *(.data*)
 *(.rodata)
 *(.rodata*)
 *(.gnu.linkonce.d*)
                0x008003e2                . = ALIGN (0x2)
                0x008003e2                _edata = .
                0x008003e2                PROVIDE (__data_end, .)

.bss            0x008003e2      0x64f load address 0x00002dfc
                0x008003e2                PROVIDE (__bss_start, .)
 *(.bss)
 .bss           0x008003e2        0x0 c:/winavr-20071221/bin/../lib/gcc/avr/4.2.2/../../../../avr/lib/avr6/crtm2560.o
 .bss           0x008003e2      0x40a P11.o
 .bss           0x008007ec      0x204 UART.o
 .bss           0x008009f0        0x0 Utility.o
 .bss           0x008009f0        0x0 song.o
 .bss           0x008009f0       0x2d Timer.o
 .bss           0x00800a1d        0x0 c:/winavr-20071221/bin/../lib/gcc/avr/4.2.2/avr6\libgcc.a(_udivmodhi4.o)
 .bss           0x00800a1d        0x0 c:/winavr-20071221/bin/../lib/gcc/avr/4.2.2/avr6\libgcc.a(_divmodhi4.o)
 .bss           0x00800a1d        0x0 c:/winavr-20071221/bin/../lib/gcc/avr/4.2.2/avr6\libgcc.a(_exit.o)
 .bss           0x00800a1d        0x0 c:/winavr-20071221/bin/../lib/gcc/avr/4.2.2/avr6\libgcc.a(_clear_bss.o)
 .bss           0x00800a1d        0x0 c:/winavr-20071221/bin/../lib/gcc/avr/4.2.2/avr6\libgcc.a(_fixunssfsi.o)
 .bss           0x00800a1d        0x0 c:/winavr-20071221/bin/../lib/gcc/avr/4.2.2/avr6\libgcc.a(_addsub_sf.o)
 .bss           0x00800a1d        0x0 c:/winavr-20071221/bin/../lib/gcc/avr/4.2.2/avr6\libgcc.a(_mul_sf.o)
 .bss           0x00800a1d        0x0 c:/winavr-20071221/bin/../lib/gcc/avr/4.2.2/avr6\libgcc.a(_div_sf.o)
 .bss           0x00800a1d        0x0 c:/winavr-20071221/bin/../lib/gcc/avr/4.2.2/avr6\libgcc.a(_ge_sf.o)
 .bss           0x00800a1d        0x0 c:/winavr-20071221/bin/../lib/gcc/avr/4.2.2/avr6\libgcc.a(_si_to_sf.o)
 .bss           0x00800a1d        0x0 c:/winavr-20071221/bin/../lib/gcc/avr/4.2.2/avr6\libgcc.a(_sf_to_si.o)
 .bss           0x00800a1d        0x0 c:/winavr-20071221/bin/../lib/gcc/avr/4.2.2/avr6\libgcc.a(_thenan_sf.o)
 .bss           0x00800a1d        0x0 c:/winavr-20071221/bin/../lib/gcc/avr/4.2.2/avr6\libgcc.a(_usi_to_sf.o)
 .bss           0x00800a1d        0x0 c:/winavr-20071221/bin/../lib/gcc/avr/4.2.2/avr6\libgcc.a(_prologue.o)
 .bss           0x00800a1d        0x0 c:/winavr-20071221/bin/../lib/gcc/avr/4.2.2/avr6\libgcc.a(_epilogue.o)
 .bss           0x00800a1d        0x0 c:/winavr-20071221/bin/../lib/gcc/avr/4.2.2/avr6\libgcc.a(_clzsi2.o)
 .bss           0x00800a1d        0x0 c:/winavr-20071221/bin/../lib/gcc/avr/4.2.2/avr6\libgcc.a(_pack_sf.o)
 .bss           0x00800a1d        0x0 c:/winavr-20071221/bin/../lib/gcc/avr/4.2.2/avr6\libgcc.a(_unpack_sf.o)
 .bss           0x00800a1d        0x0 c:/winavr-20071221/bin/../lib/gcc/avr/4.2.2/avr6\libgcc.a(_fpcmp_parts_sf.o)
 .bss           0x00800a1d        0x0 c:/winavr-20071221/bin/../lib/gcc/avr/4.2.2/avr6\libgcc.a(_clz.o)
 .bss           0x00800a1d        0x0 c:/winavr-20071221/bin/../lib/gcc/avr/4.2.2/../../../../avr/lib/avr6\libc.a(log.o)
 .bss           0x00800a1d        0x0 c:/winavr-20071221/bin/../lib/gcc/avr/4.2.2/../../../../avr/lib/avr6\libc.a(mulsf3x.o)
 .bss           0x00800a1d        0x0 c:/winavr-20071221/bin/../lib/gcc/avr/4.2.2/../../../../avr/lib/avr6\libc.a(addsf3x.o)
 .bss           0x00800a1d        0x0 c:/winavr-20071221/bin/../lib/gcc/avr/4.2.2/../../../../avr/lib/avr6\libc.a(fp_inf.o)
 .bss           0x00800a1d        0x0 c:/winavr-20071221/bin/../lib/gcc/avr/4.2.2/../../../../avr/lib/avr6\libc.a(fp_mpack.o)
 .bss           0x00800a1d        0x0 c:/winavr-20071221/bin/../lib/gcc/avr/4.2.2/../../../../avr/lib/avr6\libc.a(fp_nan.o)
 .bss           0x00800a1d        0x0 c:/winavr-20071221/bin/../lib/gcc/avr/4.2.2/../../../../avr/lib/avr6\libc.a(fp_powser.o)
 .bss           0x00800a1d        0x0 c:/winavr-20071221/bin/../lib/gcc/avr/4.2.2/../../../../avr/lib/avr6\libc.a(fp_pscA.o)
 .bss           0x00800a1d        0x0 c:/winavr-20071221/bin/../lib/gcc/avr/4.2.2/../../../../avr/lib/avr6\libc.a(fp_pscB.o)
 .bss           0x00800a1d        0x0 c:/winavr-20071221/bin/../lib/gcc/avr/4.2.2/../../../../avr/lib/avr6\libc.a(fp_round.o)
 .bss           0x00800a1d        0x0 c:/winavr-20071221/bin/../lib/gcc/avr/4.2.2/../../../../avr/lib/avr6\libc.a(fp_split3.o)
 .bss           0x00800a1d        0x0 c:/winavr-20071221/bin/../lib/gcc/avr/4.2.2/../../../../avr/lib/avr6\libc.a(fp_zero.o)
 *(.bss*)
 *(COMMON)
 COMMON         0x00800a1d       0x14 P11.o
                0x00800a1d                str
                0x00800a31                PROVIDE (__bss_end, .)
                0x00002c1a                __data_load_start = LOADADDR (.data)
                0x00002dfc                __data_load_end = (__data_load_start + SIZEOF (.data))

.noinit         0x00800a31        0x0
                0x00800a31                PROVIDE (__noinit_start, .)
 *(.noinit*)
                0x00800a31                PROVIDE (__noinit_end, .)
                0x00800a31                _end = .
                0x00800a31                PROVIDE (__heap_start, .)

.eeprom         0x00810000        0x0
 *(.eeprom*)
                0x00810000                __eeprom_end = .

.fuse
 *(.fuse)
 *(.lfuse)
 *(.hfuse)
 *(.efuse)

.lock
 *(.lock*)

.signature
 *(.signature*)

.stab           0x00000000      0x42c
 *(.stab)
 .stab          0x00000000      0x42c c:/winavr-20071221/bin/../lib/gcc/avr/4.2.2/../../../../avr/lib/avr6/crtm2560.o

.stabstr        0x00000000       0x5f
 *(.stabstr)
 .stabstr       0x00000000       0x5f c:/winavr-20071221/bin/../lib/gcc/avr/4.2.2/../../../../avr/lib/avr6/crtm2560.o

.stab.excl
 *(.stab.excl)

.stab.exclstr
 *(.stab.exclstr)

.stab.index
 *(.stab.index)

.stab.indexstr
 *(.stab.indexstr)

.comment
 *(.comment)

.debug
 *(.debug)

.line
 *(.line)

.debug_srcinfo
 *(.debug_srcinfo)

.debug_sfnames
 *(.debug_sfnames)

.debug_aranges  0x00000000       0xa0
 *(.debug_aranges)
 .debug_aranges
                0x00000000       0x20 P11.o
 .debug_aranges
                0x00000020       0x20 UART.o
 .debug_aranges
                0x00000040       0x20 Utility.o
 .debug_aranges
                0x00000060       0x20 song.o
 .debug_aranges
                0x00000080       0x20 Timer.o

.debug_pubnames
                0x00000000      0x33c
 *(.debug_pubnames)
 .debug_pubnames
                0x00000000       0x23 P11.o
 .debug_pubnames
                0x00000023      0x14a UART.o
 .debug_pubnames
                0x0000016d       0x31 Utility.o
 .debug_pubnames
                0x0000019e       0x72 song.o
 .debug_pubnames
                0x00000210      0x12c Timer.o

.debug_info     0x00000000      0xe42
 *(.debug_info)
 .debug_info    0x00000000      0x1b6 P11.o
 .debug_info    0x000001b6      0x4d0 UART.o
 .debug_info    0x00000686      0x193 Utility.o
 .debug_info    0x00000819      0x193 song.o
 .debug_info    0x000009ac      0x496 Timer.o
 *(.gnu.linkonce.wi.*)

.debug_abbrev   0x00000000      0x64c
 *(.debug_abbrev)
 .debug_abbrev  0x00000000       0xf4 P11.o
 .debug_abbrev  0x000000f4      0x1fa UART.o
 .debug_abbrev  0x000002ee       0xda Utility.o
 .debug_abbrev  0x000003c8       0xc2 song.o
 .debug_abbrev  0x0000048a      0x1c2 Timer.o

.debug_line     0x00000000      0xd08
 *(.debug_line)
 .debug_line    0x00000000      0x2c5 P11.o
 .debug_line    0x000002c5      0x3b9 UART.o
 .debug_line    0x0000067e      0x145 Utility.o
 .debug_line    0x000007c3       0xd1 song.o
 .debug_line    0x00000894      0x474 Timer.o

.debug_frame    0x00000000      0x2b0
 *(.debug_frame)
 .debug_frame   0x00000000       0x20 P11.o
 .debug_frame   0x00000020      0x120 UART.o
 .debug_frame   0x00000140       0x40 Utility.o
 .debug_frame   0x00000180       0x20 song.o
 .debug_frame   0x000001a0      0x110 Timer.o

.debug_str      0x00000000      0x454
 *(.debug_str)
 .debug_str     0x00000000       0xdb P11.o
                                0x12c (size before relaxing)
 .debug_str     0x000000db      0x172 UART.o
                                0x22f (size before relaxing)
 .debug_str     0x0000024d       0x2c Utility.o
                                 0xf2 (size before relaxing)
 .debug_str     0x00000279       0x49 song.o
                                0x12a (size before relaxing)
 .debug_str     0x000002c2      0x192 Timer.o
                                0x286 (size before relaxing)

.debug_loc      0x00000000      0x4a5
 *(.debug_loc)
 .debug_loc     0x00000000      0x1d2 UART.o
 .debug_loc     0x000001d2      0x14e Utility.o
 .debug_loc     0x00000320      0x185 Timer.o

.debug_macinfo
 *(.debug_macinfo)
OUTPUT(P11.elf elf32-avr)
LOAD linker stubs
